Archive member included because of file (symbol)

C:\Users\witts\AppData\Local\Temp\VMBuilds\BasicUpload\esp8266_nodemcuv2\Debug/core.a(core_esp8266_waveform.c.o)
                              C:\Users\witts\AppData\Local\Temp\VMBuilds\BasicUpload\esp8266_nodemcuv2\Debug\Servo\Servo.cpp.o (startWaveform)
C:\Users\witts\AppData\Local\Temp\VMBuilds\BasicUpload\esp8266_nodemcuv2\Debug/core.a(core_esp8266_wiring.c.o)
                              C:\Users\witts\AppData\Local\Temp\VMBuilds\BasicUpload\esp8266_nodemcuv2\Debug\BasicUpload.cpp.o (delay)
C:\Users\witts\AppData\Local\Temp\VMBuilds\BasicUpload\esp8266_nodemcuv2\Debug/core.a(core_esp8266_wiring_digital.c.o)
                              C:\Users\witts\AppData\Local\Temp\VMBuilds\BasicUpload\esp8266_nodemcuv2\Debug\Servo\Servo.cpp.o (pinMode)
C:\Users\witts\AppData\Local\Temp\VMBuilds\BasicUpload\esp8266_nodemcuv2\Debug/core.a(core_esp8266_main.cpp.o)
                              C:\Users\witts\AppData\Local\Temp\VMBuilds\BasicUpload\esp8266_nodemcuv2\Debug/core.a(core_esp8266_wiring.c.o) (esp_yield)
C:\Users\witts\AppData\Local\Temp\VMBuilds\BasicUpload\esp8266_nodemcuv2\Debug/core.a(FunctionalInterrupt.cpp.o)
                              C:\Users\witts\AppData\Local\Temp\VMBuilds\BasicUpload\esp8266_nodemcuv2\Debug/core.a(core_esp8266_wiring_digital.c.o) (cleanupFunctional)
C:\Users\witts\AppData\Local\Temp\VMBuilds\BasicUpload\esp8266_nodemcuv2\Debug/core.a(Schedule.cpp.o)
                              C:\Users\witts\AppData\Local\Temp\VMBuilds\BasicUpload\esp8266_nodemcuv2\Debug/core.a(FunctionalInterrupt.cpp.o) (schedule_function(std::function<void ()>))
C:\Users\witts\AppData\Local\Temp\VMBuilds\BasicUpload\esp8266_nodemcuv2\Debug/core.a(ScheduledFunctions.cpp.o)
                              C:\Users\witts\AppData\Local\Temp\VMBuilds\BasicUpload\esp8266_nodemcuv2\Debug/core.a(FunctionalInterrupt.cpp.o) (ScheduledFunctions::ScheduledFunctions(unsigned int))
C:\Users\witts\AppData\Local\Temp\VMBuilds\BasicUpload\esp8266_nodemcuv2\Debug/core.a(cont.S.o)
                              C:\Users\witts\AppData\Local\Temp\VMBuilds\BasicUpload\esp8266_nodemcuv2\Debug/core.a(core_esp8266_main.cpp.o) (cont_yield)
C:\Users\witts\AppData\Local\Temp\VMBuilds\BasicUpload\esp8266_nodemcuv2\Debug/core.a(cont_util.c.o)
                              C:\Users\witts\AppData\Local\Temp\VMBuilds\BasicUpload\esp8266_nodemcuv2\Debug/core.a(core_esp8266_main.cpp.o) (cont_init)
C:\Users\witts\AppData\Local\Temp\VMBuilds\BasicUpload\esp8266_nodemcuv2\Debug/core.a(core_esp8266_postmortem.c.o)
                              C:\Users\witts\AppData\Local\Temp\VMBuilds\BasicUpload\esp8266_nodemcuv2\Debug/core.a(core_esp8266_main.cpp.o) (__panic_func)
C:\Users\witts\AppData\Local\Temp\VMBuilds\BasicUpload\esp8266_nodemcuv2\Debug/core.a(core_esp8266_timer.c.o)
                              C:\Users\witts\AppData\Local\Temp\VMBuilds\BasicUpload\esp8266_nodemcuv2\Debug/core.a(core_esp8266_waveform.c.o) (timer1_isr_init)
C:\Users\witts\AppData\Local\Temp\VMBuilds\BasicUpload\esp8266_nodemcuv2\Debug/core.a(gdb_hooks.c.o)
                              C:\Users\witts\AppData\Local\Temp\VMBuilds\BasicUpload\esp8266_nodemcuv2\Debug/core.a(core_esp8266_main.cpp.o) (gdb_init)
C:\Users\witts\AppData\Local\Temp\VMBuilds\BasicUpload\esp8266_nodemcuv2\Debug/core.a(heap.c.o)
                              C:\Users\witts\AppData\Local\Temp\VMBuilds\BasicUpload\esp8266_nodemcuv2\Debug/core.a(core_esp8266_postmortem.c.o) (umm_last_fail_alloc_addr)
C:\Users\witts\AppData\Local\Temp\VMBuilds\BasicUpload\esp8266_nodemcuv2\Debug/core.a(umm_malloc.c.o)
                              C:\Users\witts\AppData\Local\Temp\VMBuilds\BasicUpload\esp8266_nodemcuv2\Debug/core.a(heap.c.o) (umm_info)
C:\Users\witts\AppData\Local\Temp\VMBuilds\BasicUpload\esp8266_nodemcuv2\Debug/core.a(abi.cpp.o)
                              C:\Users\witts\AppData\Local\Temp\VMBuilds\BasicUpload\esp8266_nodemcuv2\Debug/core.a(FunctionalInterrupt.cpp.o) (operator new(unsigned int))
C:\Users\witts\AppData\Local\arduino15\packages\esp8266\hardware\esp8266\2.4.2/tools/sdk/lib\liblwip2.a(lwip-esp.o)
                              C:\Users\witts\AppData\Local\Temp\VMBuilds\BasicUpload\esp8266_nodemcuv2\Debug/core.a(core_esp8266_wiring.c.o) (phy_capture)
C:\Users\witts\AppData\Local\arduino15\packages\esp8266\hardware\esp8266\2.4.2/tools/sdk/lib\liblwip2.a(lwip-git.o)
                              C:\Users\witts\AppData\Local\arduino15\packages\esp8266\hardware\esp8266\2.4.2/tools/sdk/lib\liblwip2.a(lwip-esp.o) (esp2glue_dhcp_start)
C:\Users\witts\AppData\Local\arduino15\packages\esp8266\hardware\esp8266\2.4.2/tools/sdk/lib\liblwip2.a(esp-dhcpserver.o)
                              C:\Users\witts\AppData\Local\arduino15\packages\esp8266\hardware\esp8266\2.4.2/tools/sdk/lib\liblwip2.a(lwip-git.o) (dhcps_start_LWIP2)
C:\Users\witts\AppData\Local\arduino15\packages\esp8266\hardware\esp8266\2.4.2/tools/sdk/lib\liblwip2.a(ethernet.o)
[...]
Memory Configuration

Name             Origin             Length             Attributes
dport0_0_seg     0x3ff00000         0x00000010
dram0_0_seg      0x3ffe8000         0x00014000
iram1_0_seg      0x40100000         0x00008000
irom0_0_seg      0x40201010         0x000feff0
*default*        0x00000000         0xffffffff

Linker script and memory map

START GROUP
LOAD C:\Users\witts\AppData\Local\Temp\VMBuilds\BasicUpload\esp8266_nodemcuv2\Debug\BasicUpload.cpp.o
LOAD C:\Users\witts\AppData\Local\Temp\VMBuilds\BasicUpload\esp8266_nodemcuv2\Debug\Servo\Servo.cpp.o
LOAD C:\Users\witts\AppData\Local\Temp\VMBuilds\BasicUpload\esp8266_nodemcuv2\Debug/core.a
LOAD C:\Users\witts\AppData\Local\arduino15\packages\esp8266\hardware\esp8266\2.4.2/tools/sdk/lib\libhal.a
LOAD C:\Users\witts\AppData\Local\arduino15\packages\esp8266\hardware\esp8266\2.4.2/tools/sdk/lib\libphy.a
LOAD C:\Users\witts\AppData\Local\arduino15\packages\esp8266\hardware\esp8266\2.4.2/tools/sdk/lib\libpp.a
LOAD C:\Users\witts\AppData\Local\arduino15\packages\esp8266\hardware\esp8266\2.4.2/tools/sdk/lib\libnet80211.a
LOAD C:\Users\witts\AppData\Local\arduino15\packages\esp8266\hardware\esp8266\2.4.2/tools/sdk/lib\liblwip2.a
LOAD C:\Users\witts\AppData\Local\arduino15\packages\esp8266\hardware\esp8266\2.4.2/tools/sdk/lib\libwpa.a
LOAD C:\Users\witts\AppData\Local\arduino15\packages\esp8266\hardware\esp8266\2.4.2/tools/sdk/lib\libcrypto.a
LOAD C:\Users\witts\AppData\Local\arduino15\packages\esp8266\hardware\esp8266\2.4.2/tools/sdk/lib\libmain.a
LOAD C:\Users\witts\AppData\Local\arduino15\packages\esp8266\hardware\esp8266\2.4.2/tools/sdk/lib\libwps.a
LOAD C:\Users\witts\AppData\Local\arduino15\packages\esp8266\hardware\esp8266\2.4.2/tools/sdk/lib\libbearssl.a
LOAD C:\Users\witts\AppData\Local\arduino15\packages\esp8266\hardware\esp8266\2.4.2/tools/sdk/lib\libaxtls.a
LOAD C:\Users\witts\AppData\Local\arduino15\packages\esp8266\hardware\esp8266\2.4.2/tools/sdk/lib\libespnow.a
LOAD C:\Users\witts\AppData\Local\arduino15\packages\esp8266\hardware\esp8266\2.4.2/tools/sdk/lib\libsmartconfig.a
LOAD C:\Users\witts\AppData\Local\arduino15\packages\esp8266\hardware\esp8266\2.4.2/tools/sdk/lib\libairkiss.a
LOAD C:\Users\witts\AppData\Local\arduino15\packages\esp8266\hardware\esp8266\2.4.2/tools/sdk/lib\libwpa2.a
LOAD C:\Users\witts\AppData\Local\arduino15\packages\esp8266\hardware\esp8266\2.4.2/tools/sdk/lib\libstdc++.a
LOAD C:\Users\witts\AppData\Local\arduino15\packages\esp8266\hardware\esp8266\2.4.2/tools/sdk/libc/xtensa-lx106-elf/lib\libm.a
LOAD C:\Users\witts\AppData\Local\arduino15\packages\esp8266\hardware\esp8266\2.4.2/tools/sdk/libc/xtensa-lx106-elf/lib\libc.a
LOAD C:\Users\witts\AppData\Local\arduino15\packages\esp8266\hardware\esp8266\2.4.2/tools/sdk/lib\libgcc.a
END GROUP
                0x40500000                PROVIDE (_SPIFFS_start, 0x40500000)
                0x405fb000                PROVIDE (_SPIFFS_end, 0x405fb000)
                0x00000100                PROVIDE (_SPIFFS_page, 0x100)
                0x00002000                PROVIDE (_SPIFFS_block, 0x2000)
                0x40000000                PROVIDE (_memmap_vecbase_reset, 0x40000000)
                0x00000110                _memmap_cacheattr_wb_base = 0x110
                0x00000110                _memmap_cacheattr_wt_base = 0x110
                0x00000220                _memmap_cacheattr_bp_base = 0x220
                0xfffff00f                _memmap_cacheattr_unused_mask = 0xfffff00f
                0x2222211f                _memmap_cacheattr_wb_trapnull = 0x2222211f
                0x2222211f                _memmap_cacheattr_wba_trapnull = 0x2222211f
                0x2222211f                _memmap_cacheattr_wbna_trapnull = 0x2222211f
                0x2222211f                _memmap_cacheattr_wt_trapnull = 0x2222211f
                0x2222222f                _memmap_cacheattr_bp_trapnull = 0x2222222f
                0xfffff11f                _memmap_cacheattr_wb_strict = 0xfffff11f
                0xfffff11f                _memmap_cacheattr_wt_strict = 0xfffff11f
                0xfffff22f                _memmap_cacheattr_bp_strict = 0xfffff22f
                0x22222112                _memmap_cacheattr_wb_allvalid = 0x22222112
                0x22222112                _memmap_cacheattr_wt_allvalid = 0x22222112
                0x22222222                _memmap_cacheattr_bp_allvalid = 0x22222222
                0x2222211f                PROVIDE (_memmap_cacheattr_reset, _memmap_cacheattr_wb_trapnull)

.dport0.rodata  0x3ff00000        0x0
                0x3ff00000                _dport0_rodata_start = ABSOLUTE (.)
 *(.dport0.rodata)
 *(.dport.rodata)
                0x3ff00000                _dport0_rodata_end = ABSOLUTE (.)

.dport0.literal
                0x3ff00000        0x0
                0x3ff00000                _dport0_literal_start = ABSOLUTE (.)
 *(.dport0.literal)
 *(.dport.literal)
                0x3ff00000                _dport0_literal_end = ABSOLUTE (.)

.dport0.data    0x3ff00000        0x0
                0x3ff00000                _dport0_data_start = ABSOLUTE (.)
 *(.dport0.data)
 *(.dport.data)
                0x3ff00000                _dport0_data_end = ABSOLUTE (.)

.data           0x3ffe8000      0x5d8
                0x3ffe8000                _data_start = ABSOLUTE (.)
 *(.data)
 .data          0x3ffe8000        0x1 C:\Users\witts\AppData\Local\arduino15\packages\esp8266\hardware\esp8266\2.4.2/tools/sdk/lib\libmain.a(app_main.o)
 *fill*         0x3ffe8001        0x3 
 .data          0x3ffe8004        0x1 C:\Users\witts\AppData\Local\arduino15\packages\esp8266\hardware\esp8266\2.4.2/tools/sdk/lib\libmain.a(eagle_lwip_if.o)
                0x3ffe8004                wifi_station_default_hostname
 *fill*         0x3ffe8005        0x3 
 .data          0x3ffe8008        0xd C:\Users\witts\AppData\Local\arduino15\packages\esp8266\hardware\esp8266\2.4.2/tools/sdk/lib\libmain.a(user_interface.o)
                0x3ffe800c                bin_sum_len
                0x3ffe8010                timer2_ms_flag
                0x3ffe8011                dhcps_flag
                0x3ffe8012                dhcpc_flag
                0x3ffe8014                reconnect_internal
 *fill*         0x3ffe8015        0x3 
 .data          0x3ffe8018        0x4 C:\Users\witts\AppData\Local\arduino15\packages\esp8266\hardware\esp8266\2.4.2/tools/sdk/lib\libmain.a(nmi-vector.o)
 .data          0x3ffe801c        0x4 C:\Users\witts\AppData\Local\arduino15\packages\esp8266\hardware\esp8266\2.4.2/tools/sdk/libc/xtensa-lx106-elf/lib\libc.a(lib_a-ctype_.o)
                0x3ffe801c                __ctype_ptr__
 .data          0x3ffe8020       0xf4 C:\Users\witts\AppData\Local\arduino15\packages\esp8266\hardware\esp8266\2.4.2/tools/sdk/libc/xtensa-lx106-elf/lib\libc.a(lib_a-impure.o)
                0x3ffe8020                _impure_ptr
 .data          0x3ffe8114       0x7c C:\Users\witts\AppData\Local\arduino15\packages\esp8266\hardware\esp8266\2.4.2/tools/sdk/libc/xtensa-lx106-elf/lib\libc.a(lib_a-locale.o)
                0x3ffe818c                __mb_cur_max
 .data          0x3ffe8190        0x4 C:\Users\witts\AppData\Local\arduino15\packages\esp8266\hardware\esp8266\2.4.2/tools/sdk/libc/xtensa-lx106-elf/lib\libc.a(lib_a-wctomb_r.o)
                0x3ffe8190                __wctomb
 *fill*         0x3ffe8194        0xc 
 .data          0x3ffe81a0       0x53 C:\Users\witts\AppData\Local\arduino15\packages\esp8266\hardware\esp8266\2.4.2/tools/sdk/lib\libphy.a(phy_chip_v6.o)
                0x3ffe81a2                tx_rf_ana_gain
                0x3ffe81d0                rx_gain_swp
                0x3ffe81f0                test_rffreq_txcap
 *fill*         0x3ffe81f3        0x1 
 .data          0x3ffe81f4        0x1 C:\Users\witts\AppData\Local\arduino15\packages\esp8266\hardware\esp8266\2.4.2/tools/sdk/lib\libphy.a(phy_chip_v6_cal.o)
                0x3ffe81f4                rfcal_bb_atten_init
 *fill*         0x3ffe81f5        0x3 
 .data          0x3ffe81f8        0x4 C:\Users\witts\AppData\Local\arduino15\packages\esp8266\hardware\esp8266\2.4.2/tools/sdk/lib\libphy.a(phy_sleep.o)
                0x3ffe81f8                chip_version
 .data          0x3ffe81fc        0x1 C:\Users\witts\AppData\Local\arduino15\packages\esp8266\hardware\esp8266\2.4.2/tools/sdk/lib\libpp.a(pm.o)
 *fill*         0x3ffe81fd        0x3 
 .data          0x3ffe8200        0x1 C:\Users\witts\AppData\Local\arduino15\packages\esp8266\hardware\esp8266\2.4.2/tools/sdk/lib\libpp.a(pm_for_bcn_only_mode.o)
 *fill*         0x3ffe8201        0x3 
 .data          0x3ffe8204       0x1c C:\Users\witts\AppData\Local\arduino15\packages\esp8266\hardware\esp8266\2.4.2/tools/sdk/lib\libpp.a(pp.o)
                0x3ffe8204                soft_wdt_interval
                0x3ffe8208                NoiseTimerInterval
                0x3ffe8210                sleep_start_wait_time
                0x3ffe8218                CanDoFreqCal
                0x3ffe8219                test_freq_val_first
                0x3ffe821c                tcb
 .data          0x3ffe8220       0x40 C:\Users\witts\AppData\Local\arduino15\packages\esp8266\hardware\esp8266\2.4.2/tools/sdk/lib\libpp.a(rate_control.o)
 .data          0x3ffe8260      0x24c C:\Users\witts\AppData\Local\arduino15\packages\esp8266\hardware\esp8266\2.4.2/tools/sdk/lib\libpp.a(trc.o)
 .data          0x3ffe84ac        0x8 C:\Users\witts\AppData\Local\arduino15\packages\esp8266\hardware\esp8266\2.4.2/tools/sdk/lib\libpp.a(wdev.o)
 .data          0x3ffe84b4        0x1 C:\Users\witts\AppData\Local\arduino15\packages\esp8266\hardware\esp8266\2.4.2/tools/sdk/lib\libnet80211.a(ieee80211_hostap.o)
                0x3ffe84b4                TmpSTAAPCloseAP
 *fill*         0x3ffe84b5        0x3 
 .data          0x3ffe84b8        0x1 C:\Users\witts\AppData\Local\arduino15\packages\esp8266\hardware\esp8266\2.4.2/tools/sdk/lib\libnet80211.a(ieee80211_scan.o)
                0x3ffe84b8                TestStaFreqCalValOK
 *fill*         0x3ffe84b9        0x3 
 .data          0x3ffe84bc        0x1 C:\Users\witts\AppData\Local\arduino15\packages\esp8266\hardware\esp8266\2.4.2/tools/sdk/lib\libnet80211.a(wl_cnx.o)
 *fill*         0x3ffe84bd        0x3 
 .data          0x3ffe84c0       0x1c C:\Users\witts\AppData\Local\arduino15\packages\esp8266\hardware\esp8266\2.4.2/tools/sdk/lib\libnet80211.a(ieee80211_action.o)
 *(.data.*)
 .data.waveform
                0x3ffe84dc       0xdc C:\Users\witts\AppData\Local\Temp\VMBuilds\BasicUpload\esp8266_nodemcuv2\Debug/core.a(core_esp8266_waveform.c.o)
 .data.esp8266_gpioToFn
                0x3ffe85b8       0x10 C:\Users\witts\AppData\Local\Temp\VMBuilds\BasicUpload\esp8266_nodemcuv2\Debug/core.a(core_esp8266_wiring_digital.c.o)
                0x3ffe85b8                esp8266_gpioToFn
 .data.dhcps_lease_time
                0x3ffe85c8        0x4 C:\Users\witts\AppData\Local\arduino15\packages\esp8266\hardware\esp8266\2.4.2/tools/sdk/lib\liblwip2.a(esp-dhcpserver.o)
                0x3ffe85c8                dhcps_lease_time
 .data.offer    0x3ffe85cc        0x1 C:\Users\witts\AppData\Local\arduino15\packages\esp8266\hardware\esp8266\2.4.2/tools/sdk/lib\liblwip2.a(esp-dhcpserver.o)
 *fill*         0x3ffe85cd        0x3 
 .data.iss$4177
                0x3ffe85d0        0x4 C:\Users\witts\AppData\Local\arduino15\packages\esp8266\hardware\esp8266\2.4.2/tools/sdk/lib\liblwip2.a(tcp.o)
 .data.udp_port
                0x3ffe85d4        0x2 C:\Users\witts\AppData\Local\arduino15\packages\esp8266\hardware\esp8266\2.4.2/tools/sdk/lib\liblwip2.a(udp.o)
 .data.time_zone
                0x3ffe85d6        0x1 C:\Users\witts\AppData\Local\Temp\VMBuilds\BasicUpload\esp8266_nodemcuv2\Debug/core.a(sntp-lwip2.c.o)
 *(.gnu.linkonce.d.*)
 *(.data1)
 *(.sdata)
 *(.sdata.*)
 *(.gnu.linkonce.s.*)
 *(.sdata2)
 *(.sdata2.*)
 *(.gnu.linkonce.s2.*)
 *(.jcr)
                0x3ffe85d8                . = ALIGN (0x4)
 *fill*         0x3ffe85d7        0x1 
                0x3ffe85d8                _Pri_3_HandlerAddress = ABSOLUTE (.)
                0x3ffe85d8                _data_end = ABSOLUTE (.)

.noinit         0x3ffe85d8        0x4
 *(.noinit)
 .noinit        0x3ffe85d8        0x4 C:\Users\witts\AppData\Local\Temp\VMBuilds\BasicUpload\esp8266_nodemcuv2\Debug/core.a(core_esp8266_main.cpp.o)
                0x3ffe85d8                g_pcont

.irom0.text     0x40201010    0x35334
                0x40201010                _irom0_text_start = ABSOLUTE (.)
 *(.ver_number)
 .ver_number    0x40201010        0x4 C:\Users\witts\AppData\Local\Temp\VMBuilds\BasicUpload\esp8266_nodemcuv2\Debug/core.a(core_esp8266_main.cpp.o)
                0x40201010                core_version
 *.c.o(EXCLUDE_FILE(umm_malloc.c.o) .literal*, EXCLUDE_FILE(umm_malloc.c.o) .text*)
 .text.initTimer
                0x40201014       0x4f C:\Users\witts\AppData\Local\Temp\VMBuilds\BasicUpload\esp8266_nodemcuv2\Debug/core.a(core_esp8266_waveform.c.o)
                                 0x5f (size before relaxing)
 *fill*         0x40201063        0x1 
 .text.startWaveform
                0x40201064      0x197 C:\Users\witts\AppData\Local\Temp\VMBuilds\BasicUpload\esp8266_nodemcuv2\Debug/core.a(core_esp8266_waveform.c.o)
                                0x19f (size before relaxing)
                0x40201074                startWaveform
 *fill*         0x402011fb        0x1 
 .text.stopWaveform
                0x402011fc      0x21f C:\Users\witts\AppData\Local\Temp\VMBuilds\BasicUpload\esp8266_nodemcuv2\Debug/core.a(core_esp8266_waveform.c.o)
                                0x233 (size before relaxing)
                0x40201200                stopWaveform
 *fill*         0x4020141b        0x1 
 .text.delay_end
                0x4020141c        0xf C:\Users\witts\AppData\Local\Temp\VMBuilds\BasicUpload\esp8266_nodemcuv2\Debug/core.a(core_esp8266_wiring.c.o)
                                 0x17 (size before relaxing)
                0x4020141c                delay_end
 *fill*         0x4020142b        0x1 
 .text.micros_overflow_tick
                0x4020142c       0x35 C:\Users\witts\AppData\Local\Temp\VMBuilds\BasicUpload\esp8266_nodemcuv2\Debug/core.a(core_esp8266_wiring.c.o)
                0x40201438                micros_overflow_tick
 *fill*         0x40201461        0x3 
 .text.delay    0x40201464       0x61 C:\Users\witts\AppData\Local\Temp\VMBuilds\BasicUpload\esp8266_nodemcuv2\Debug/core.a(core_esp8266_wiring.c.o)
                                 0x6f (size before relaxing)
                0x40201478                delay
 *fill*         0x402014c5        0x3 
 .text.init     0x402014c8       0x45 C:\Users\witts\AppData\Local\Temp\VMBuilds\BasicUpload\esp8266_nodemcuv2\Debug/core.a(core_esp8266_wiring.c.o)
                                 0x59 (size before relaxing)
                0x402014d4                init
 *fill*         0x4020150d        0x3 
 .text.__pinMode
                0x40201510      0x37e C:\Users\witts\AppData\Local\Temp\VMBuilds\BasicUpload\esp8266_nodemcuv2\Debug/core.a(core_esp8266_wiring_digital.c.o)
                0x40201530                pinMode
                0x40201530                __pinMode
 *fill*         0x4020188e        0x2 
 .text.initPins
                0x40201890       0x56 C:\Users\witts\AppData\Local\Temp\VMBuilds\BasicUpload\esp8266_nodemcuv2\Debug/core.a(core_esp8266_wiring_digital.c.o)
                                 0x66 (size before relaxing)
                0x40201898                initPins
 *fill*         0x402018e6        0x2 
 .text.cont_init
                0x402018e8       0x4e C:\Users\witts\AppData\Local\Temp\VMBuilds\BasicUpload\esp8266_nodemcuv2\Debug/core.a(cont_util.c.o)
                                 0x52 (size before relaxing)
                0x402018f8                cont_init
 *fill*         0x40201936        0x2 
 .text.uart_write_char_d
                0x40201938       0x5b C:\Users\witts\AppData\Local\Temp\VMBuilds\BasicUpload\esp8266_nodemcuv2\Debug/core.a(core_esp8266_postmortem.c.o)
 *fill*         0x40201993        0x1 
 .text.__wrap_system_restart_local
                0x40201994      0x3ba C:\Users\witts\AppData\Local\Temp\VMBuilds\BasicUpload\esp8266_nodemcuv2\Debug/core.a(core_esp8266_postmortem.c.o)
                                0x466 (size before relaxing)
                0x40201a10                __wrap_system_restart_local
 *fill*         0x40201d4e        0x2 
 .text.__panic_func
                0x40201d50       0x27 C:\Users\witts\AppData\Local\Temp\VMBuilds\BasicUpload\esp8266_nodemcuv2\Debug/core.a(core_esp8266_postmortem.c.o)
                                 0x3b (size before relaxing)
                0x40201d50                __panic_func
 *fill*         0x40201d77        0x1 
 .text.timer1_attachInterrupt
                0x40201d78       0x25 C:\Users\witts\AppData\Local\Temp\VMBuilds\BasicUpload\esp8266_nodemcuv2\Debug/core.a(core_esp8266_timer.c.o)
                0x40201d80                timer1_attachInterrupt
 *fill*         0x40201d9d        0x3 
 .text.timer1_enable
                0x40201da0       0x37 C:\Users\witts\AppData\Local\Temp\VMBuilds\BasicUpload\esp8266_nodemcuv2\Debug/core.a(core_esp8266_timer.c.o)
                0x40201da8                timer1_enable
 *fill*         0x40201dd7        0x1 
 .text._malloc_r
                0x40201dd8       0x31 C:\Users\witts\AppData\Local\Temp\VMBuilds\BasicUpload\esp8266_nodemcuv2\Debug/core.a(heap.c.o)
                                 0x39 (size before relaxing)
                0x40201ddc                _malloc_r
 *fill*         0x40201e09        0x3 
 .text._free_r  0x40201e0c       0x18 C:\Users\witts\AppData\Local\Temp\VMBuilds\BasicUpload\esp8266_nodemcuv2\Debug/core.a(heap.c.o)
                0x40201e10                _free_r
 .text._realloc_r
                0x40201e24       0x35 C:\Users\witts\AppData\Local\Temp\VMBuilds\BasicUpload\esp8266_nodemcuv2\Debug/core.a(heap.c.o)
                                 0x3d (size before relaxing)
                0x40201e28                _realloc_r
 *fill*         0x40201e59        0x3 
 .text._calloc_r
                0x40201e5c       0x3c C:\Users\witts\AppData\Local\Temp\VMBuilds\BasicUpload\esp8266_nodemcuv2\Debug/core.a(heap.c.o)
                                 0x44 (size before relaxing)
                0x40201e60                _calloc_r
 .text.xPortGetFreeHeapSize
                0x40201e98        0xf C:\Users\witts\AppData\Local\Temp\VMBuilds\BasicUpload\esp8266_nodemcuv2\Debug/core.a(heap.c.o)
                                 0x17 (size before relaxing)
                0x40201e98                xPortGetFreeHeapSize
 *fill*         0x40201ea7        0x1 
 .text.user_rf_cal_sector_set
                0x40201ea8       0x1f C:\Users\witts\AppData\Local\Temp\VMBuilds\BasicUpload\esp8266_nodemcuv2\Debug/core.a(core_esp8266_phy.c.o)
                0x40201eb0                user_rf_cal_sector_set
 *fill*         0x40201ec7        0x1 
 .text.user_rf_pre_init
                0x40201ec8       0x52 C:\Users\witts\AppData\Local\Temp\VMBuilds\BasicUpload\esp8266_nodemcuv2\Debug/core.a(core_esp8266_phy.c.o)
                                 0x72 (size before relaxing)
                0x40201ed0                user_rf_pre_init
 *fill*         0x40201f1a        0x2 
 .text.settimeofday
                0x40201f1c       0xe1 C:\Users\witts\AppData\Local\Temp\VMBuilds\BasicUpload\esp8266_nodemcuv2\Debug/core.a(sntp-lwip2.c.o)
                                 0xf5 (size before relaxing)
                0x40201f44                settimeofday
 *fill*         0x40201ffd        0x3 
 .text.tune_timeshift64
                0x40202000       0x4a C:\Users\witts\AppData\Local\Temp\VMBuilds\BasicUpload\esp8266_nodemcuv2\Debug/core.a(time.c.o)
                0x4020200c                tune_timeshift64
 *fill*         0x4020204a        0x0 
 *fill*         0x4020204a        0x0 
 *fill*         0x4020204a        0x0 
 *fill*         0x4020204a        0x0 
 *fill*         0x4020204a        0x0 
 *fill*         0x4020204a        0x0 
 *fill*         0x4020204a        0x0 
 *fill*         0x4020204a        0x0 
 *fill*         0x4020204a        0x0 
 *fill*         0x4020204a        0x2 
 .text.pgm_read_byte_inlined
                0x4020204c       0x16 C:\Users\witts\AppData\Local\Temp\VMBuilds\BasicUpload\esp8266_nodemcuv2\Debug/core.a(core_esp8266_postmortem.c.o)
 *fill*         0x40202062        0x0 
 *fill*         0x40202062        0x2 
 .text.__custom_crash_callback
                0x40202064        0x2 C:\Users\witts\AppData\Local\Temp\VMBuilds\BasicUpload\esp8266_nodemcuv2\Debug/core.a(core_esp8266_postmortem.c.o)
                0x40202064                custom_crash_callback
                0x40202064                __custom_crash_callback
 *fill*         0x40202066        0x0 
 *fill*         0x40202066        0x0 
 *fill*         0x40202066        0x0 
 *fill*         0x40202066        0x0 
 *fill*         0x40202066        0x0 
 *fill*         0x40202066        0x0 
 *fill*         0x40202066        0x0 
 *fill*         0x40202066        0x2 
 .text._Z13__get_rf_modev
                0x40202068        0x4 C:\Users\witts\AppData\Local\Temp\VMBuilds\BasicUpload\esp8266_nodemcuv2\Debug/core.a(core_esp8266_phy.c.o)
                0x40202068                __get_rf_mode()
 .text._Z14__get_adc_modev
                0x4020206c        0x4 C:\Users\witts\AppData\Local\Temp\VMBuilds\BasicUpload\esp8266_nodemcuv2\Debug/core.a(core_esp8266_phy.c.o)
                0x4020206c                __get_adc_mode()
 .text._Z22__run_user_rf_pre_initv
                0x40202070        0x2 C:\Users\witts\AppData\Local\Temp\VMBuilds\BasicUpload\esp8266_nodemcuv2\Debug/core.a(core_esp8266_phy.c.o)
                0x40202070                __run_user_rf_pre_init()
 *fill*         0x40202072        0x0 
 *fill*         0x40202072        0x0 
 *fill*         0x40202072        0x0 
 *fill*         0x40202072        0x0 
 *.cpp.o(.literal*, .text*)
 *fill*         0x40202072        0x2 
 .text.setup    0x40202074       0x1b C:\Users\witts\AppData\Local\Temp\VMBuilds\BasicUpload\esp8266_nodemcuv2\Debug\BasicUpload.cpp.o
                                 0x1f (size before relaxing)
                0x40202078                setup
 *fill*         0x4020208f        0x1 
 .text.loop     0x40202090       0x31 C:\Users\witts\AppData\Local\Temp\VMBuilds\BasicUpload\esp8266_nodemcuv2\Debug\BasicUpload.cpp.o
                                 0x41 (size before relaxing)
                0x40202094                loop
 *fill*         0x402020c1        0x3 
 .text.startup._GLOBAL__sub_I_motor
                0x402020c4       0x15 C:\Users\witts\AppData\Local\Temp\VMBuilds\BasicUpload\esp8266_nodemcuv2\Debug\BasicUpload.cpp.o
                                 0x1d (size before relaxing)
 *fill*         0x402020d9        0x3 
 .text.exit._GLOBAL__sub_D_motor
                0x402020dc       0x15 C:\Users\witts\AppData\Local\Temp\VMBuilds\BasicUpload\esp8266_nodemcuv2\Debug\BasicUpload.cpp.o
                                 0x1d (size before relaxing)
 *fill*         0x402020f1        0x3 
 .text._ZN5ServoC2Ev
                0x402020f4       0x1d C:\Users\witts\AppData\Local\Temp\VMBuilds\BasicUpload\esp8266_nodemcuv2\Debug\Servo\Servo.cpp.o
                0x402020f8                Servo::Servo()
                0x402020f8                Servo::Servo()
 *fill*         0x40202111        0x3 
 .text._ZN5Servo6detachEv
                0x40202114       0x35 C:\Users\witts\AppData\Local\Temp\VMBuilds\BasicUpload\esp8266_nodemcuv2\Debug\Servo\Servo.cpp.o
                                 0x39 (size before relaxing)
                0x40202118                Servo::detach()
 *fill*         0x40202149        0x3 
 .text._ZN5ServoD2Ev
                0x4020214c        0xf C:\Users\witts\AppData\Local\Temp\VMBuilds\BasicUpload\esp8266_nodemcuv2\Debug\Servo\Servo.cpp.o
                                 0x17 (size before relaxing)
                0x4020214c                Servo::~Servo()
                0x4020214c                Servo::~Servo()
 *fill*         0x4020215b        0x1 
 .text._ZN5Servo17writeMicrosecondsEi
                0x4020215c       0x2b C:\Users\witts\AppData\Local\Temp\VMBuilds\BasicUpload\esp8266_nodemcuv2\Debug\Servo\Servo.cpp.o
                                 0x33 (size before relaxing)
                0x40202160                Servo::writeMicroseconds(int)
 *fill*         0x40202187        0x1 
 .text._ZN5Servo5writeEi
                0x40202188       0x4b C:\Users\witts\AppData\Local\Temp\VMBuilds\BasicUpload\esp8266_nodemcuv2\Debug\Servo\Servo.cpp.o
                                 0x53 (size before relaxing)
                0x40202188                Servo::write(int)
 *fill*         0x402021d3        0x1 
 .text._ZN5Servo6attachEitt
                0x402021d4       0x8c C:\Users\witts\AppData\Local\Temp\VMBuilds\BasicUpload\esp8266_nodemcuv2\Debug\Servo\Servo.cpp.o
                                 0x9c (size before relaxing)
                0x402021dc                Servo::attach(int, unsigned short, unsigned short)
 .text._ZN5Servo6attachEi
                0x40202260       0x18 C:\Users\witts\AppData\Local\Temp\VMBuilds\BasicUpload\esp8266_nodemcuv2\Debug\Servo\Servo.cpp.o
                                 0x20 (size before relaxing)
                0x40202260                Servo::attach(int)
 .text._ZL9loop_taskP11ETSEventTag
                0x40202278       0x5a C:\Users\witts\AppData\Local\Temp\VMBuilds\BasicUpload\esp8266_nodemcuv2\Debug/core.a(core_esp8266_main.cpp.o)
                                 0x66 (size before relaxing)
 *fill*         0x402022d2        0x2 
 .text.esp_yield
                0x402022d4       0x2d C:\Users\witts\AppData\Local\Temp\VMBuilds\BasicUpload\esp8266_nodemcuv2\Debug/core.a(core_esp8266_main.cpp.o)
                                 0x31 (size before relaxing)
                0x402022dc                esp_yield
 *fill*         0x40202301        0x3 
 .text.esp_schedule
                0x40202304       0x1c C:\Users\witts\AppData\Local\Temp\VMBuilds\BasicUpload\esp8266_nodemcuv2\Debug/core.a(core_esp8266_main.cpp.o)
                0x40202308                esp_schedule
 .text._Z9init_donev
                0x40202320       0x3d C:\Users\witts\AppData\Local\Temp\VMBuilds\BasicUpload\esp8266_nodemcuv2\Debug/core.a(core_esp8266_main.cpp.o)
                                 0x4d (size before relaxing)
                0x40202328                init_done()
 *fill*         0x4020235d        0x3 
 .text._ZL12loop_wrapperv
                0x40202360       0x34 C:\Users\witts\AppData\Local\Temp\VMBuilds\BasicUpload\esp8266_nodemcuv2\Debug/core.a(core_esp8266_main.cpp.o)
                                 0x54 (size before relaxing)
 .text.user_init
                0x40202394       0x5c C:\Users\witts\AppData\Local\Temp\VMBuilds\BasicUpload\esp8266_nodemcuv2\Debug/core.a(core_esp8266_main.cpp.o)
                                 0x90 (size before relaxing)
                0x402023a8                user_init
 .text.cleanupFunctional
                0x402023f0       0x37 C:\Users\witts\AppData\Local\Temp\VMBuilds\BasicUpload\esp8266_nodemcuv2\Debug/core.a(FunctionalInterrupt.cpp.o)
                                 0x57 (size before relaxing)
                0x402023f0                cleanupFunctional
 *fill*         0x40202427        0x1 
 .text._Z23run_scheduled_functionsv
                0x40202428       0x89 C:\Users\witts\AppData\Local\Temp\VMBuilds\BasicUpload\esp8266_nodemcuv2\Debug/core.a(Schedule.cpp.o)
                                 0xa9 (size before relaxing)
                0x40202438                run_scheduled_functions()
 *fill*         0x402024b1        0x3 
 .text._ZN18ScheduledFunctions16ScheduledElementD2Ev
                0x402024b4       0x1f C:\Users\witts\AppData\Local\Temp\VMBuilds\BasicUpload\esp8266_nodemcuv2\Debug/core.a(ScheduledFunctions.cpp.o)
                                 0x2b (size before relaxing)
                0x402024b4                ScheduledFunctions::ScheduledElement::~ScheduledElement()
                0x402024b4                ScheduledFunctions::ScheduledElement::~ScheduledElement()
 *fill*         0x402024d3        0x1 
 .text._ZNSt10_List_baseIN18ScheduledFunctions16ScheduledElementESaIS1_EE8_M_clearEv
                0x402024d4       0x32 C:\Users\witts\AppData\Local\Temp\VMBuilds\BasicUpload\esp8266_nodemcuv2\Debug/core.a(ScheduledFunctions.cpp.o)
                                 0x3e (size before relaxing)
                0x402024d4                std::_List_base<ScheduledFunctions::ScheduledElement, std::allocator<ScheduledFunctions::ScheduledElement> >::_M_clear()
 *fill*         0x40202506        0x2 
 .text.startup._GLOBAL__sub_I__ZN18ScheduledFunctions18scheduledFunctionsE
                0x40202508        0xd C:\Users\witts\AppData\Local\Temp\VMBuilds\BasicUpload\esp8266_nodemcuv2\Debug/core.a(ScheduledFunctions.cpp.o)
 *fill*         0x40202515        0x3 
 .text.exit._GLOBAL__sub_D__ZN18ScheduledFunctions18scheduledFunctionsE
                0x40202518       0x15 C:\Users\witts\AppData\Local\Temp\VMBuilds\BasicUpload\esp8266_nodemcuv2\Debug/core.a(ScheduledFunctions.cpp.o)
                                 0x1d (size before relaxing)
 *fill*         0x4020252d        0x3 
 .text._ZdlPv   0x40202530       0x13 C:\Users\witts\AppData\Local\Temp\VMBuilds\BasicUpload\esp8266_nodemcuv2\Debug/core.a(abi.cpp.o)
                                 0x17 (size before relaxing)
                0x40202530                operator delete(void*)
 *fill*         0x40202543        0x1 
 .text._ZSt25__throw_bad_function_callv
                0x40202544       0x19 C:\Users\witts\AppData\Local\Temp\VMBuilds\BasicUpload\esp8266_nodemcuv2\Debug/core.a(abi.cpp.o)
                                 0x20 (size before relaxing)
                0x4020254c                std::__throw_bad_function_call()
 *fill*         0x4020255d        0x0 
 *fill*         0x4020255d        0x0 
 *fill*         0x4020255d        0x0 
 *fill*         0x4020255d        0x0 
 *fill*         0x4020255d        0x0 
 *fill*         0x4020255d        0x0 
 *fill*         0x4020255d        0x0 
 *fill*         0x4020255d        0x0 
 *fill*         0x4020255d        0x0 
 *fill*         0x4020255d        0x0 
 *fill*         0x4020255d        0x3 
 .text.initVariant
                0x40202560        0x2 C:\Users\witts\AppData\Local\Temp\VMBuilds\BasicUpload\esp8266_nodemcuv2\Debug/core.a(core_esp8266_main.cpp.o)
                0x40202560                initVariant
 *fill*         0x40202562        0x2 
 .text._Z24preloop_update_frequencyv
                0x40202564        0x2 C:\Users\witts\AppData\Local\Temp\VMBuilds\BasicUpload\esp8266_nodemcuv2\Debug/core.a(core_esp8266_main.cpp.o)
                0x40202564                preloop_update_frequency()
 *fill*         0x40202566        0x0 
 *fill*         0x40202566        0x0 
 *fill*         0x40202566        0x2 
 .text._ZNSt14_Function_baseD2Ev
                0x40202568       0x17 C:\Users\witts\AppData\Local\Temp\VMBuilds\BasicUpload\esp8266_nodemcuv2\Debug/core.a(FunctionalInterrupt.cpp.o)
                0x40202568                std::_Function_base::~_Function_base()
                0x40202568                std::_Function_base::~_Function_base()
 *fill*         0x4020257f        0x0 
 *fill*         0x4020257f        0x1 
 .text._ZNSt8functionIFvvEE4swapERS1_
                0x40202580       0x28 C:\Users\witts\AppData\Local\Temp\VMBuilds\BasicUpload\esp8266_nodemcuv2\Debug/core.a(Schedule.cpp.o)
                0x40202580                std::function<void ()>::swap(std::function<void ()>&)
 *fill*         0x402025a8        0x0 
 .text._ZNSt14__shared_countILN9__gnu_cxx12_Lock_policyE0EED2Ev
                0x402025a8       0x39 C:\Users\witts\AppData\Local\Temp\VMBuilds\BasicUpload\esp8266_nodemcuv2\Debug/core.a(ScheduledFunctions.cpp.o)
                0x402025a8                std::__shared_count<(__gnu_cxx::_Lock_policy)0>::~__shared_count()
                0x402025a8                std::__shared_count<(__gnu_cxx::_Lock_policy)0>::~__shared_count()
 *fill*         0x402025e1        0x0 
 *fill*         0x402025e1        0x0 
 *fill*         0x402025e1        0x0 
 *fill*         0x402025e1        0x0 
 *fill*         0x402025e1        0x0 
 *fill*         0x402025e1        0x0 
 *(.rodata._ZTV*)
 *libc.a:(.literal .text .literal.* .text.*)
 *fill*         0x402025e1        0x3 
 .literal       0x402025e4       0x24 C:\Users\witts\AppData\Local\arduino15\packages\esp8266\hardware\esp8266\2.4.2/tools/sdk/libc/xtensa-lx106-elf/lib\libc.a(lib_a-nano-vfprintf_float.o)
                                 0x5c (size before relaxing)
 .literal       0x40202608       0x10 C:\Users\witts\AppData\Local\arduino15\packages\esp8266\hardware\esp8266\2.4.2/tools/sdk/libc/xtensa-lx106-elf/lib\libc.a(lib_a-nano-vfprintf_i.o)
                                 0x14 (size before relaxing)
 .literal       0x40202618        0x8 C:\Users\witts\AppData\Local\arduino15\packages\esp8266\hardware\esp8266\2.4.2/tools/sdk/libc/xtensa-lx106-elf/lib\libc.a(lib_a-nano-vfscanf_float.o)
                                 0x1c (size before relaxing)
 .literal       0x40202620        0x4 C:\Users\witts\AppData\Local\arduino15\packages\esp8266\hardware\esp8266\2.4.2/tools/sdk/libc/xtensa-lx106-elf/lib\libc.a(lib_a-printf.o)
                                 0x14 (size before relaxing)
 .literal       0x40202624       0x14 C:\Users\witts\AppData\Local\arduino15\packages\esp8266\hardware\esp8266\2.4.2/tools/sdk/libc/xtensa-lx106-elf/lib\libc.a(lib_a-s_fpclassify.o)
                                 0x18 (size before relaxing)
 .literal       0x40202638        0x4 C:\Users\witts\AppData\Local\arduino15\packages\esp8266\hardware\esp8266\2.4.2/tools/sdk/libc/xtensa-lx106-elf/lib\libc.a(lib_a-sf_nan.o)
 .literal       0x4020263c        0x0 C:\Users\witts\AppData\Local\arduino15\packages\esp8266\hardware\esp8266\2.4.2/tools/sdk/libc/xtensa-lx106-elf/lib\libc.a(lib_a-sprintf.o)
                                 0x14 (size before relaxing)
 .literal       0x4020263c        0xc C:\Users\witts\AppData\Local\arduino15\packages\esp8266\hardware\esp8266\2.4.2/tools/sdk/libc/xtensa-lx106-elf/lib\libc.a(lib_a-strlen.o)
 .literal       0x40202648       0xb4 C:\Users\witts\AppData\Local\arduino15\packages\esp8266\hardware\esp8266\2.4.2/tools/sdk/libc/xtensa-lx106-elf/lib\libc.a(lib_a-strtod.o)
                                0x1f8 (size before relaxing)
 .literal.unlikely
                0x402026fc        0x0 C:\Users\witts\AppData\Local\arduino15\packages\esp8266\hardware\esp8266\2.4.2/tools/sdk/libc/xtensa-lx106-elf/lib\libc.a(lib_a-strtod.o)
                                  0xc (size before relaxing)
 .literal       0x402026fc        0x4 C:\Users\witts\AppData\Local\arduino15\packages\esp8266\hardware\esp8266\2.4.2/tools/sdk/libc/xtensa-lx106-elf/lib\libc.a(lib_a-strtol.o)
                                 0x18 (size before relaxing)
 .literal       0x40202700       0x48 C:\Users\witts\AppData\Local\arduino15\packages\esp8266\hardware\esp8266\2.4.2/tools/sdk/libc/xtensa-lx106-elf/lib\libc.a(lib_a-dtoa.o)
                                0x214 (size before relaxing)
 .literal       0x40202748       0x2c C:\Users\witts\AppData\Local\arduino15\packages\esp8266\hardware\esp8266\2.4.2/tools/sdk/libc/xtensa-lx106-elf/lib\libc.a(lib_a-findfp.o)
                                 0x80 (size before relaxing)
 .literal       0x40202774        0x0 C:\Users\witts\AppData\Local\arduino15\packages\esp8266\hardware\esp8266\2.4.2/tools/sdk/libc/xtensa-lx106-elf/lib\libc.a(lib_a-gdtoa-gethex.o)
                                 0x48 (size before relaxing)
 .literal       0x40202774        0x0 C:\Users\witts\AppData\Local\arduino15\packages\esp8266\hardware\esp8266\2.4.2/tools/sdk/libc/xtensa-lx106-elf/lib\libc.a(lib_a-gdtoa-hexnan.o)
                                  0x4 (size before relaxing)
 .literal       0x40202774       0x1c C:\Users\witts\AppData\Local\arduino15\packages\esp8266\hardware\esp8266\2.4.2/tools/sdk/libc/xtensa-lx106-elf/lib\libc.a(lib_a-locale.o)
                                 0x30 (size before relaxing)
 .literal       0x40202790       0x1c C:\Users\witts\AppData\Local\arduino15\packages\esp8266\hardware\esp8266\2.4.2/tools/sdk/libc/xtensa-lx106-elf/lib\libc.a(lib_a-mprec.o)
                                 0x74 (size before relaxing)
 .literal       0x402027ac       0x14 C:\Users\witts\AppData\Local\arduino15\packages\esp8266\hardware\esp8266\2.4.2/tools/sdk/libc/xtensa-lx106-elf/lib\libc.a(lib_a-nano-svfprintf.o)
                                 0x54 (size before relaxing)
 .literal       0x402027c0       0x20 C:\Users\witts\AppData\Local\arduino15\packages\esp8266\hardware\esp8266\2.4.2/tools/sdk/libc/xtensa-lx106-elf/lib\libc.a(lib_a-nano-vfprintf.o)
                                 0x60 (size before relaxing)
 .literal       0x402027e0       0x14 C:\Users\witts\AppData\Local\arduino15\packages\esp8266\hardware\esp8266\2.4.2/tools/sdk/libc/xtensa-lx106-elf/lib\libc.a(lib_a-stdio.o)
                                 0x24 (size before relaxing)
 .literal       0x402027f4        0xc C:\Users\witts\AppData\Local\arduino15\packages\esp8266\hardware\esp8266\2.4.2/tools/sdk/libc/xtensa-lx106-elf/lib\libc.a(lib_a-strcmp.o)
                                 0x20 (size before relaxing)
 .literal       0x40202800        0x4 C:\Users\witts\AppData\Local\arduino15\packages\esp8266\hardware\esp8266\2.4.2/tools/sdk/libc/xtensa-lx106-elf/lib\libc.a(lib_a-wbuf.o)
                                 0x28 (size before relaxing)
 .literal       0x40202804        0x0 C:\Users\witts\AppData\Local\arduino15\packages\esp8266\hardware\esp8266\2.4.2/tools/sdk/libc/xtensa-lx106-elf/lib\libc.a(lib_a-wsetup.o)
                                 0x1c (size before relaxing)
 .literal       0x40202804        0x0 C:\Users\witts\AppData\Local\arduino15\packages\esp8266\hardware\esp8266\2.4.2/tools/sdk/libc/xtensa-lx106-elf/lib\libc.a(lib_a-fclose.o)
                                 0x3c (size before relaxing)
 .literal       0x40202804        0xc C:\Users\witts\AppData\Local\arduino15\packages\esp8266\hardware\esp8266\2.4.2/tools/sdk/libc/xtensa-lx106-elf/lib\libc.a(lib_a-fflush.o)
                                 0x38 (size before relaxing)
 .literal       0x40202810        0x0 C:\Users\witts\AppData\Local\arduino15\packages\esp8266\hardware\esp8266\2.4.2/tools/sdk/libc/xtensa-lx106-elf/lib\libc.a(lib_a-fputwc.o)
                                 0x2c (size before relaxing)
 .literal       0x40202810        0x4 C:\Users\witts\AppData\Local\arduino15\packages\esp8266\hardware\esp8266\2.4.2/tools/sdk/libc/xtensa-lx106-elf/lib\libc.a(lib_a-fvwrite.o)
                                 0x40 (size before relaxing)
 .literal       0x40202814        0xc C:\Users\witts\AppData\Local\arduino15\packages\esp8266\hardware\esp8266\2.4.2/tools/sdk/libc/xtensa-lx106-elf/lib\libc.a(lib_a-makebuf.o)
                                 0x20 (size before relaxing)
 .literal       0x40202820        0x4 C:\Users\witts\AppData\Local\arduino15\packages\esp8266\hardware\esp8266\2.4.2/tools/sdk/libc/xtensa-lx106-elf/lib\libc.a(lib_a-wcrtomb.o)
                                 0x10 (size before relaxing)
 .literal       0x40202824        0x0 C:\Users\witts\AppData\Local\arduino15\packages\esp8266\hardware\esp8266\2.4.2/tools/sdk/libc/xtensa-lx106-elf/lib\libc.a(lib_a-wctomb_r.o)
                                  0x8 (size before relaxing)
 .literal       0x40202824        0x0 C:\Users\witts\AppData\Local\arduino15\packages\esp8266\hardware\esp8266\2.4.2/tools/sdk/libc/xtensa-lx106-elf/lib\libc.a(isatty.o)
                                  0x8 (size before relaxing)
 .text          0x40202824      0x6a0 C:\Users\witts\AppData\Local\arduino15\packages\esp8266\hardware\esp8266\2.4.2/tools/sdk/libc/xtensa-lx106-elf/lib\libc.a(lib_a-nano-vfprintf_float.o)
                                0x6b0 (size before relaxing)
                0x40202824                __cvt
                0x40202924                __exponent
                0x402029c0                _printf_float
 .text          0x40202ec4      0x4bb C:\Users\witts\AppData\Local\arduino15\packages\esp8266\hardware\esp8266\2.4.2/tools/sdk/libc/xtensa-lx106-elf/lib\libc.a(lib_a-nano-vfprintf_i.o)
                                0x4bf (size before relaxing)
                0x40202ec4                _printf_common
                0x40202fcc                _printf_i
 *fill*         0x4020337f        0x1 
 .text          0x40203380      0x4bc C:\Users\witts\AppData\Local\arduino15\packages\esp8266\hardware\esp8266\2.4.2/tools/sdk/libc/xtensa-lx106-elf/lib\libc.a(lib_a-nano-vfscanf_float.o)
                                0x4c4 (size before relaxing)
                0x40203380                _scanf_float
 .text          0x4020383c       0x99 C:\Users\witts\AppData\Local\arduino15\packages\esp8266\hardware\esp8266\2.4.2/tools/sdk/libc/xtensa-lx106-elf/lib\libc.a(lib_a-printf.o)
                0x4020383c                _printf_r
                0x4020383c                _iprintf_r
                0x40203888                iprintf
                0x40203888                printf
 *fill*         0x402038d5        0x3 
 .text          0x402038d8       0x4c C:\Users\witts\AppData\Local\arduino15\packages\esp8266\hardware\esp8266\2.4.2/tools/sdk/libc/xtensa-lx106-elf/lib\libc.a(lib_a-s_fpclassify.o)
                0x402038d8                __fpclassifyd
 .text          0x40203924        0x5 C:\Users\witts\AppData\Local\arduino15\packages\esp8266\hardware\esp8266\2.4.2/tools/sdk/libc/xtensa-lx106-elf/lib\libc.a(lib_a-sf_nan.o)
                0x40203924                nanf
 *fill*         0x40203929        0x3 
 .text          0x4020392c       0xb5 C:\Users\witts\AppData\Local\arduino15\packages\esp8266\hardware\esp8266\2.4.2/tools/sdk/libc/xtensa-lx106-elf/lib\libc.a(lib_a-sprintf.o)
                                 0xb9 (size before relaxing)
                0x4020392c                _sprintf_r
                0x4020392c                _siprintf_r
                0x40203984                siprintf
                0x40203984                sprintf
 *fill*         0x402039e1        0x3 
 .text          0x402039e4       0x5b C:\Users\witts\AppData\Local\arduino15\packages\esp8266\hardware\esp8266\2.4.2/tools/sdk/libc/xtensa-lx106-elf/lib\libc.a(lib_a-strlen.o)
                0x402039e4                strlen
 *fill*         0x40203a3f        0x1 
 .text          0x40203a40      0xe03 C:\Users\witts\AppData\Local\arduino15\packages\esp8266\hardware\esp8266\2.4.2/tools/sdk/libc/xtensa-lx106-elf/lib\libc.a(lib_a-strtod.o)
                                0xe7b (size before relaxing)
                0x40203a70                _strtod_r
                0x402047e8                strtod
                0x40204804                strtof
 *fill*         0x40204843        0x1 
 .text.unlikely
                0x40204844       0x3d C:\Users\witts\AppData\Local\arduino15\packages\esp8266\hardware\esp8266\2.4.2/tools/sdk/libc/xtensa-lx106-elf/lib\libc.a(lib_a-strtod.o)
                                 0x41 (size before relaxing)
 *fill*         0x40204881        0x3 
 .text          0x40204884      0x15f C:\Users\witts\AppData\Local\arduino15\packages\esp8266\hardware\esp8266\2.4.2/tools/sdk/libc/xtensa-lx106-elf/lib\libc.a(lib_a-strtol.o)
                0x40204884                _strtol_r
                0x402049c4                strtol
 *fill*         0x402049e3        0x1 
 .text          0x402049e4      0xe12 C:\Users\witts\AppData\Local\arduino15\packages\esp8266\hardware\esp8266\2.4.2/tools/sdk/libc/xtensa-lx106-elf/lib\libc.a(lib_a-dtoa.o)
                                0xe7a (size before relaxing)
                0x40204b24                _dtoa_r
 *fill*         0x402057f6        0x2 
 .text          0x402057f8      0x2aa C:\Users\witts\AppData\Local\arduino15\packages\esp8266\hardware\esp8266\2.4.2/tools/sdk/libc/xtensa-lx106-elf/lib\libc.a(lib_a-findfp.o)
                                0x2c6 (size before relaxing)
                0x402057f8                _cleanup_r
                0x40205894                __sfmoreglue
                0x402058d8                _cleanup
                0x402058ec                __sfp_lock_acquire
                0x40205904                __sfp_lock_release
                0x4020591c                __sinit_lock_acquire
                0x40205934                __sinit_lock_release
                0x4020594c                __sinit
                0x402059bc                __sfp
                0x40205a68                __fp_lock_all
                0x40205a88                __fp_unlock_all
 *fill*         0x40205aa2        0x2 
 .text          0x40205aa4      0x554 C:\Users\witts\AppData\Local\arduino15\packages\esp8266\hardware\esp8266\2.4.2/tools/sdk/libc/xtensa-lx106-elf/lib\libc.a(lib_a-gdtoa-gethex.o)
                                0x570 (size before relaxing)
                0x40205b18                __hexdig_fun
                0x40205b50                __gethex
 .text          0x40205ff8      0x165 C:\Users\witts\AppData\Local\arduino15\packages\esp8266\hardware\esp8266\2.4.2/tools/sdk/libc/xtensa-lx106-elf/lib\libc.a(lib_a-gdtoa-hexnan.o)
                0x40206024                __hexnan
 *fill*         0x4020615d        0x3 
 .text          0x40206160       0x8d C:\Users\witts\AppData\Local\arduino15\packages\esp8266\hardware\esp8266\2.4.2/tools/sdk/libc/xtensa-lx106-elf/lib\libc.a(lib_a-locale.o)
                                 0x95 (size before relaxing)
                0x40206160                _setlocale_r
                0x402061a8                __locale_charset
                0x402061b0                __locale_mb_cur_max
                0x402061b8                __locale_msgcharset
                0x402061c0                __locale_cjk_lang
                0x402061c4                _localeconv_r
                0x402061cc                setlocale
                0x402061e8                localeconv
 *fill*         0x402061ed        0x3 
 .text          0x402061f0      0x966 C:\Users\witts\AppData\Local\arduino15\packages\esp8266\hardware\esp8266\2.4.2/tools/sdk/libc/xtensa-lx106-elf/lib\libc.a(lib_a-mprec.o)
                                0x96e (size before relaxing)
                0x402061f0                _Balloc
                0x4020627c                _Bfree
                0x402062c4                __multadd
                0x40206350                __s2b
                0x402063ec                __hi0bits
                0x40206434                __lo0bits
                0x4020649c                __i2b
                0x402064bc                __multiply
                0x402065e0                __pow5mult
                0x4020669c                __lshift
                0x4020675c                __mcmp
                0x40206794                __mdiff
                0x40206874                __ulp
                0x402068b8                __b2d
                0x40206978                __d2b
                0x40206a3c                __ratio
                0x40206aa0                _mprec_log10
                0x40206adc                __copybits
                0x40206b0c                __any_on
 *fill*         0x40206b56        0x2 
 .text          0x40206b58      0x4a1 C:\Users\witts\AppData\Local\arduino15\packages\esp8266\hardware\esp8266\2.4.2/tools/sdk/libc/xtensa-lx106-elf/lib\libc.a(lib_a-nano-svfprintf.o)
                                0x4b5 (size before relaxing)
                0x40206b58                __ssputs_r
                0x40206c4c                __ssprint_r
                0x40206d7c                _svfiprintf_r
                0x40206d7c                _svfprintf_r
 *fill*         0x40206ff9        0x3 
 .text          0x40206ffc      0x437 C:\Users\witts\AppData\Local\arduino15\packages\esp8266\hardware\esp8266\2.4.2/tools/sdk/libc/xtensa-lx106-elf/lib\libc.a(lib_a-nano-vfprintf.o)
                                0x44b (size before relaxing)
                0x40207030                __sfputs_r
                0x402070a0                __sprint_r
                0x40207130                _vfiprintf_r
                0x40207130                _vfprintf_r
                0x4020740c                vfprintf
                0x4020740c                vfiprintf
 *fill*         0x40207433        0x1 
 .text          0x40207434       0xed C:\Users\witts\AppData\Local\arduino15\packages\esp8266\hardware\esp8266\2.4.2/tools/sdk/libc/xtensa-lx106-elf/lib\libc.a(lib_a-stdio.o)
                0x40207434                __sread
                0x40207470                __seofread
                0x40207474                __swrite
                0x402074cc                __sseek
                0x4020750c                __sclose
 *fill*         0x40207521        0x3 
 .text          0x40207524       0xff C:\Users\witts\AppData\Local\arduino15\packages\esp8266\hardware\esp8266\2.4.2/tools/sdk/libc/xtensa-lx106-elf/lib\libc.a(lib_a-strcmp.o)
                0x40207524                strcmp
 *fill*         0x40207623        0x1 
 .text          0x40207624       0xf3 C:\Users\witts\AppData\Local\arduino15\packages\esp8266\hardware\esp8266\2.4.2/tools/sdk/libc/xtensa-lx106-elf/lib\libc.a(lib_a-wbuf.o)
                                 0xff (size before relaxing)
                0x40207624                __swbuf_r
                0x402076fc                __swbuf
 *fill*         0x40207717        0x1 
 .text          0x40207718       0xeb C:\Users\witts\AppData\Local\arduino15\packages\esp8266\hardware\esp8266\2.4.2/tools/sdk/libc/xtensa-lx106-elf/lib\libc.a(lib_a-wsetup.o)
                                 0xef (size before relaxing)
                0x40207718                __swsetup_r
 *fill*         0x40207803        0x1 
 .text          0x40207804       0xf7 C:\Users\witts\AppData\Local\arduino15\packages\esp8266\hardware\esp8266\2.4.2/tools/sdk/libc/xtensa-lx106-elf/lib\libc.a(lib_a-fclose.o)
                                0x10f (size before relaxing)
                0x40207804                _fclose_r
                0x402078e4                fclose
 *fill*         0x402078fb        0x1 
 .text          0x402078fc      0x20b C:\Users\witts\AppData\Local\arduino15\packages\esp8266\hardware\esp8266\2.4.2/tools/sdk/libc/xtensa-lx106-elf/lib\libc.a(lib_a-fflush.o)
                                0x217 (size before relaxing)
                0x402078fc                __sflush_r
                0x40207a5c                _fflush_r
                0x40207ae0                fflush
 *fill*         0x40207b07        0x1 
 .text          0x40207b08      0x192 C:\Users\witts\AppData\Local\arduino15\packages\esp8266\hardware\esp8266\2.4.2/tools/sdk/libc/xtensa-lx106-elf/lib\libc.a(lib_a-fputwc.o)
                                0x19e (size before relaxing)
                0x40207b08                __fputwc
                0x40207bd4                _fputwc_r
                0x40207c44                fputwc
 *fill*         0x40207c9a        0x2 
 .text          0x40207c9c      0x320 C:\Users\witts\AppData\Local\arduino15\packages\esp8266\hardware\esp8266\2.4.2/tools/sdk/libc/xtensa-lx106-elf/lib\libc.a(lib_a-fvwrite.o)
                                0x334 (size before relaxing)
                0x40207c9c                __sfvwrite_r
 .text          0x40207fbc      0x100 C:\Users\witts\AppData\Local\arduino15\packages\esp8266\hardware\esp8266\2.4.2/tools/sdk/libc/xtensa-lx106-elf/lib\libc.a(lib_a-makebuf.o)
                                0x108 (size before relaxing)
                0x40207fbc                __smakebuf_r
 .text          0x402080bc       0x7d C:\Users\witts\AppData\Local\arduino15\packages\esp8266\hardware\esp8266\2.4.2/tools/sdk/libc/xtensa-lx106-elf/lib\libc.a(lib_a-wcrtomb.o)
                0x402080bc                _wcrtomb_r
                0x4020811c                wcrtomb
 *fill*         0x40208139        0x3 
 .text          0x4020813c       0x5d C:\Users\witts\AppData\Local\arduino15\packages\esp8266\hardware\esp8266\2.4.2/tools/sdk/libc/xtensa-lx106-elf/lib\libc.a(lib_a-wctomb_r.o)
                0x4020813c                __ascii_wctomb
                0x4020815c                _wctomb_r
 *fill*         0x40208199        0x3 
 .text          0x4020819c       0x30 C:\Users\witts\AppData\Local\arduino15\packages\esp8266\hardware\esp8266\2.4.2/tools/sdk/libc/xtensa-lx106-elf/lib\libc.a(isatty.o)
                0x4020819c                _isatty_r
 .text          0x402081cc       0x23 C:\Users\witts\AppData\Local\arduino15\packages\esp8266\hardware\esp8266\2.4.2/tools/sdk/libc/xtensa-lx106-elf/lib\libc.a(lib_a-memcmp.o)
                0x402081cc                memcmp
 *fill*         0x402081ef        0x1 
 .text          0x402081f0      0x145 C:\Users\witts\AppData\Local\arduino15\packages\esp8266\hardware\esp8266\2.4.2/tools/sdk/libc/xtensa-lx106-elf/lib\libc.a(lib_a-memcpy.o)
                0x40208234                memcpy
 *fill*         0x40208335        0x3 
 .text          0x40208338       0x3b C:\Users\witts\AppData\Local\arduino15\packages\esp8266\hardware\esp8266\2.4.2/tools/sdk/libc/xtensa-lx106-elf/lib\libc.a(lib_a-memmove.o)
                0x40208338                memmove
 *fill*         0x40208373        0x1 
 .text          0x40208374       0x7c C:\Users\witts\AppData\Local\arduino15\packages\esp8266\hardware\esp8266\2.4.2/tools/sdk/libc/xtensa-lx106-elf/lib\libc.a(lib_a-memset.o)
                0x402083a0                memset
 *fill*         0x402083f0        0x0 
 *fill*         0x402083f0        0x0 
 *fill*         0x402083f0        0x0 
 *fill*         0x402083f0        0x0 
 *fill*         0x402083f0        0x0 
 .text          0x402083f0       0x33 C:\Users\witts\AppData\Local\arduino15\packages\esp8266\hardware\esp8266\2.4.2/tools/sdk/libc/xtensa-lx106-elf/lib\libc.a(lib_a-strncmp.o)
                0x402083f0                strncmp
 *fill*         0x40208423        0x1 
 .text          0x40208424       0x32 C:\Users\witts\AppData\Local\arduino15\packages\esp8266\hardware\esp8266\2.4.2/tools/sdk/libc/xtensa-lx106-elf/lib\libc.a(lib_a-strstr.o)
                0x40208424                strstr
 *fill*         0x40208456        0x0 
 *fill*         0x40208456        0x0 
 *fill*         0x40208456        0x0 
 *fill*         0x40208456        0x0 
 *fill*         0x40208456        0x0 
 *fill*         0x40208456        0x2 
 .text          0x40208458       0xba C:\Users\witts\AppData\Local\arduino15\packages\esp8266\hardware\esp8266\2.4.2/tools/sdk/libc/xtensa-lx106-elf/lib\libc.a(lib_a-fwalk.o)
                0x40208458                _fwalk
                0x402084b0                _fwalk_reent
 *fill*         0x40208512        0x0 
 *fill*         0x40208512        0x0 
 *fill*         0x40208512        0x2 
 .text          0x40208514       0x17 C:\Users\witts\AppData\Local\arduino15\packages\esp8266\hardware\esp8266\2.4.2/tools/sdk/libc/xtensa-lx106-elf/lib\libc.a(lib_a-memchr.o)
                0x40208514                memchr
 *fill*         0x4020852b        0x0 
 *fill*         0x4020852b        0x0 
 *fill*         0x4020852b        0x0 
 *fill*         0x4020852b        0x0 
 *fill*         0x4020852b        0x0 
 *fill*         0x4020852b        0x0 
 *fill*         0x4020852b        0x0 
 *fill*         0x4020852b        0x1 
 .text          0x4020852c        0x8 C:\Users\witts\AppData\Local\arduino15\packages\esp8266\hardware\esp8266\2.4.2/tools/sdk/libc/xtensa-lx106-elf/lib\libc.a(lock.o)
                0x4020852c                _lock_close_recursive
                0x4020852c                __dummy_lock
                0x4020852c                _lock_release_recursive
                0x4020852c                _lock_init_recursive
                0x4020852c                _lock_acquire
                0x4020852c                _lock_close
                0x4020852c                _lock_release
                0x4020852c                _lock_init
                0x4020852c                _lock_acquire_recursive
                0x40208530                __dummy_lock_try
                0x40208530                _lock_try_acquire
                0x40208530                _lock_try_acquire_recursive
 *fill*         0x40208534        0x0 
 *fill*         0x40208534        0x0 
 *fill*         0x40208534        0x0 
 *fill*         0x40208534        0x0 
 *fill*         0x40208534        0x0 
 *libm.a:(.literal .text .literal.* .text.*)
 *libgcc.a:_umoddi3.o(.literal .text)
 *libgcc.a:_udivdi3.o(.literal .text)
 *libsmartconfig.a:(.literal .text .literal.* .text.*)
 *libstdc++.a:(.literal .text .literal.* .text.*)
 *liblwip_gcc.a:(.literal .text .literal.* .text.*)
 *liblwip_src.a:(.literal .text .literal.* .text.*)
 *liblwip2.a:(.literal .text .literal.* .text.*)
 .text.glue2esp_err
                0x40208534       0x1e C:\Users\witts\AppData\Local\arduino15\packages\esp8266\hardware\esp8266\2.4.2/tools/sdk/lib\liblwip2.a(lwip-esp.o)
                0x40208538                glue2esp_err
 *fill*         0x40208552        0x2 
 .text.esp2glue_err
                0x40208554       0x1e C:\Users\witts\AppData\Local\arduino15\packages\esp8266\hardware\esp8266\2.4.2/tools/sdk/lib\liblwip2.a(lwip-esp.o)
                0x40208558                esp2glue_err
 *fill*         0x40208572        0x2 
 .text.glue2esp_linkoutput
                0x40208574      0x109 C:\Users\witts\AppData\Local\arduino15\packages\esp8266\hardware\esp8266\2.4.2/tools/sdk/lib\liblwip2.a(lwip-esp.o)
                                0x121 (size before relaxing)
                0x40208588                glue2esp_linkoutput
 *fill*         0x4020867d        0x3 
 .text.lwip_init
                0x40208680        0xf C:\Users\witts\AppData\Local\arduino15\packages\esp8266\hardware\esp8266\2.4.2/tools/sdk/lib\liblwip2.a(lwip-esp.o)
                                 0x17 (size before relaxing)
                0x40208680                lwip_init
 *fill*         0x4020868f        0x1 
 .text.dhcps_start
                0x40208690       0x29 C:\Users\witts\AppData\Local\arduino15\packages\esp8266\hardware\esp8266\2.4.2/tools/sdk/lib\liblwip2.a(lwip-esp.o)
                                 0x39 (size before relaxing)
                0x40208690                dhcps_start
 *fill*         0x402086b9        0x3 
 .text.dhcp_cleanup
                0x402086bc       0x1d C:\Users\witts\AppData\Local\arduino15\packages\esp8266\hardware\esp8266\2.4.2/tools/sdk/lib\liblwip2.a(lwip-esp.o)
                0x402086c4                dhcp_cleanup
 *fill*         0x402086d9        0x3 
 .text.dhcp_release
                0x402086dc       0x1b C:\Users\witts\AppData\Local\arduino15\packages\esp8266\hardware\esp8266\2.4.2/tools/sdk/lib\liblwip2.a(lwip-esp.o)
                                 0x1f (size before relaxing)
                0x402086e0                dhcp_release
 *fill*         0x402086f7        0x1 
 .text.dhcp_start
                0x402086f8       0x22 C:\Users\witts\AppData\Local\arduino15\packages\esp8266\hardware\esp8266\2.4.2/tools/sdk/lib\liblwip2.a(lwip-esp.o)
                                 0x2e (size before relaxing)
                0x402086f8                dhcp_start
 *fill*         0x4020871a        0x2 
 .text.dhcp_stop
                0x4020871c       0x15 C:\Users\witts\AppData\Local\arduino15\packages\esp8266\hardware\esp8266\2.4.2/tools/sdk/lib\liblwip2.a(lwip-esp.o)
                                 0x19 (size before relaxing)
                0x4020871c                dhcp_stop
 *fill*         0x40208731        0x3 
 .text.glue2esp_ifupdown
                0x40208734       0x4b C:\Users\witts\AppData\Local\arduino15\packages\esp8266\hardware\esp8266\2.4.2/tools/sdk/lib\liblwip2.a(lwip-esp.o)
                                 0x53 (size before relaxing)
                0x40208734                glue2esp_ifupdown
 *fill*         0x4020877f        0x1 
 .text.netif_init_ap
                0x40208780       0x58 C:\Users\witts\AppData\Local\arduino15\packages\esp8266\hardware\esp8266\2.4.2/tools/sdk/lib\liblwip2.a(lwip-git.o)
                                 0x60 (size before relaxing)
 .text.netif_sta_status_callback
                0x402087d8       0x3f C:\Users\witts\AppData\Local\arduino15\packages\esp8266\hardware\esp8266\2.4.2/tools/sdk/lib\liblwip2.a(lwip-git.o)
                                 0x5b (size before relaxing)
 *fill*         0x40208817        0x1 
 .text.netif_init_sta
                0x40208818       0x50 C:\Users\witts\AppData\Local\arduino15\packages\esp8266\hardware\esp8266\2.4.2/tools/sdk/lib\liblwip2.a(lwip-git.o)
                                 0x60 (size before relaxing)
 .text.glue2git_err
                0x40208868       0x1e C:\Users\witts\AppData\Local\arduino15\packages\esp8266\hardware\esp8266\2.4.2/tools/sdk/lib\liblwip2.a(lwip-git.o)
                0x4020886c                glue2git_err
 *fill*         0x40208886        0x2 
 .text.git2glue_err
                0x40208888       0x1e C:\Users\witts\AppData\Local\arduino15\packages\esp8266\hardware\esp8266\2.4.2/tools/sdk/lib\liblwip2.a(lwip-git.o)
                0x4020888c                git2glue_err
 *fill*         0x402088a6        0x2 
 .text.lwiperr_check
                0x402088a8       0x25 C:\Users\witts\AppData\Local\arduino15\packages\esp8266\hardware\esp8266\2.4.2/tools/sdk/lib\liblwip2.a(lwip-git.o)
                                 0x29 (size before relaxing)
                0x402088ac                lwiperr_check
 *fill*         0x402088cd        0x3 
 .text.esp2glue_dhcp_start
                0x402088d0       0x33 C:\Users\witts\AppData\Local\arduino15\packages\esp8266\hardware\esp8266\2.4.2/tools/sdk/lib\liblwip2.a(lwip-git.o)
                                 0x5b (size before relaxing)
                0x402088d0                esp2glue_dhcp_start
 *fill*         0x40208903        0x1 
 .text.esp2glue_dhcp_stop
                0x40208904       0x1d C:\Users\witts\AppData\Local\arduino15\packages\esp8266\hardware\esp8266\2.4.2/tools/sdk/lib\liblwip2.a(lwip-git.o)
                                 0x25 (size before relaxing)
                0x40208904                esp2glue_dhcp_stop
 *fill*         0x40208921        0x3 
 .text.pbuf_clone
                0x40208924       0x2d C:\Users\witts\AppData\Local\arduino15\packages\esp8266\hardware\esp8266\2.4.2/tools/sdk/lib\liblwip2.a(lwip-git.o)
                                 0x39 (size before relaxing)
                0x40208924                pbuf_clone
 *fill*         0x40208951        0x3 
 .text.new_linkoutput
                0x40208954       0x57 C:\Users\witts\AppData\Local\arduino15\packages\esp8266\hardware\esp8266\2.4.2/tools/sdk/lib\liblwip2.a(lwip-git.o)
                                 0x77 (size before relaxing)
                0x40208954                new_linkoutput
 *fill*         0x402089ab        0x1 
 .text.esp2glue_pbuf_freed
                0x402089ac        0xf C:\Users\witts\AppData\Local\arduino15\packages\esp8266\hardware\esp8266\2.4.2/tools/sdk/lib\liblwip2.a(lwip-git.o)
                                 0x17 (size before relaxing)
                0x402089ac                esp2glue_pbuf_freed
 *fill*         0x402089bb        0x1 
 .text.esp2glue_netif_set_default
                0x402089bc       0x25 C:\Users\witts\AppData\Local\arduino15\packages\esp8266\hardware\esp8266\2.4.2/tools/sdk/lib\liblwip2.a(lwip-git.o)
                                 0x2d (size before relaxing)
                0x402089bc                esp2glue_netif_set_default
 *fill*         0x402089e1        0x3 
 .text.esp2glue_lwip_init
                0x402089e4       0x99 C:\Users\witts\AppData\Local\arduino15\packages\esp8266\hardware\esp8266\2.4.2/tools/sdk/lib\liblwip2.a(lwip-git.o)
                                 0xd5 (size before relaxing)
                0x402089f8                esp2glue_lwip_init
 *fill*         0x40208a7d        0x3 
 .text.esp2glue_alloc_for_recv
                0x40208a80       0x2d C:\Users\witts\AppData\Local\arduino15\packages\esp8266\hardware\esp8266\2.4.2/tools/sdk/lib\liblwip2.a(lwip-git.o)
                                 0x31 (size before relaxing)
                0x40208a80                esp2glue_alloc_for_recv
 *fill*         0x40208aad        0x3 
 .text.esp2glue_ethernet_input
                0x40208ab0       0x21 C:\Users\witts\AppData\Local\arduino15\packages\esp8266\hardware\esp8266\2.4.2/tools/sdk/lib\liblwip2.a(lwip-git.o)
                                 0x31 (size before relaxing)
                0x40208ab0                esp2glue_ethernet_input
 *fill*         0x40208ad1        0x3 
 .text.esp2glue_dhcps_start
                0x40208ad4        0xf C:\Users\witts\AppData\Local\arduino15\packages\esp8266\hardware\esp8266\2.4.2/tools/sdk/lib\liblwip2.a(lwip-git.o)
                                 0x17 (size before relaxing)
                0x40208ad4                esp2glue_dhcps_start
 *fill*         0x40208ae3        0x1 
 .text.esp2glue_netif_set_up1down0
                0x40208ae4       0x71 C:\Users\witts\AppData\Local\arduino15\packages\esp8266\hardware\esp8266\2.4.2/tools/sdk/lib\liblwip2.a(lwip-git.o)
                                 0xa1 (size before relaxing)
                0x40208ae8                esp2glue_netif_set_up1down0
 *fill*         0x40208b55        0x3 
 .text.esp2glue_netif_update
                0x40208b58       0xa6 C:\Users\witts\AppData\Local\arduino15\packages\esp8266\hardware\esp8266\2.4.2/tools/sdk/lib\liblwip2.a(lwip-git.o)
                                 0xc2 (size before relaxing)
                0x40208b58                esp2glue_netif_update
 *fill*         0x40208bfe        0x2 
 .text.ethernet_input_LWIP2
                0x40208c00       0xce C:\Users\witts\AppData\Local\arduino15\packages\esp8266\hardware\esp8266\2.4.2/tools/sdk/lib\liblwip2.a(ethernet.o)
                                 0xfa (size before relaxing)
                0x40208c04                ethernet_input_LWIP2
 *fill*         0x40208cce        0x2 
 .text.ethernet_output
                0x40208cd0       0x71 C:\Users\witts\AppData\Local\arduino15\packages\esp8266\hardware\esp8266\2.4.2/tools/sdk/lib\liblwip2.a(ethernet.o)
                                 0x85 (size before relaxing)
                0x40208cd4                ethernet_output
 *fill*         0x40208d41        0x3 
 .text.lwip_init_LWIP2
                0x40208d44       0x25 C:\Users\witts\AppData\Local\arduino15\packages\esp8266\hardware\esp8266\2.4.2/tools/sdk/lib\liblwip2.a(init.o)
                                 0x5d (size before relaxing)
                0x40208d44                lwip_init_LWIP2
 *fill*         0x40208d69        0x3 
 .text.do_memp_malloc_pool
                0x40208d6c       0x2d C:\Users\witts\AppData\Local\arduino15\packages\esp8266\hardware\esp8266\2.4.2/tools/sdk/lib\liblwip2.a(memp.o)
                                 0x3d (size before relaxing)
 *fill*         0x40208d99        0x3 
 .text.memp_malloc
                0x40208d9c       0x27 C:\Users\witts\AppData\Local\arduino15\packages\esp8266\hardware\esp8266\2.4.2/tools/sdk/lib\liblwip2.a(memp.o)
                                 0x2b (size before relaxing)
                0x40208da0                memp_malloc
 *fill*         0x40208dc3        0x1 
 .text.memp_free
                0x40208dc4       0x2b C:\Users\witts\AppData\Local\arduino15\packages\esp8266\hardware\esp8266\2.4.2/tools/sdk/lib\liblwip2.a(memp.o)
                                 0x3b (size before relaxing)
                0x40208dc4                memp_free
 *fill*         0x40208def        0x1 
 .text.tcp_close_shutdown_fin
                0x40208df0       0x5d C:\Users\witts\AppData\Local\arduino15\packages\esp8266\hardware\esp8266\2.4.2/tools/sdk/lib\liblwip2.a(tcp.o)
                                 0x69 (size before relaxing)
 *fill*         0x40208e4d        0x3 
 .text.tcp_recved
                0x40208e50       0x6b C:\Users\witts\AppData\Local\arduino15\packages\esp8266\hardware\esp8266\2.4.2/tools/sdk/lib\liblwip2.a(tcp.o)
                                 0x77 (size before relaxing)
                0x40208e54                tcp_recved
 *fill*         0x40208ebb        0x1 
 .text.tcp_seg_free
                0x40208ebc       0x26 C:\Users\witts\AppData\Local\arduino15\packages\esp8266\hardware\esp8266\2.4.2/tools/sdk/lib\liblwip2.a(tcp.o)
                                 0x31 (size before relaxing)
                0x40208ebc                tcp_seg_free
 *fill*         0x40208ee2        0x2 
 .text.tcp_segs_free
                0x40208ee4       0x20 C:\Users\witts\AppData\Local\arduino15\packages\esp8266\hardware\esp8266\2.4.2/tools/sdk/lib\liblwip2.a(tcp.o)
                                 0x24 (size before relaxing)
                0x40208ee4                tcp_segs_free
 .text.tcp_pcb_purge
                0x40208f04       0x49 C:\Users\witts\AppData\Local\arduino15\packages\esp8266\hardware\esp8266\2.4.2/tools/sdk/lib\liblwip2.a(tcp.o)
                                 0x59 (size before relaxing)
                0x40208f04                tcp_pcb_purge
 *fill*         0x40208f4d        0x3 
 .text.tcp_slowtmr
                0x40208f50      0x30a C:\Users\witts\AppData\Local\arduino15\packages\esp8266\hardware\esp8266\2.4.2/tools/sdk/lib\liblwip2.a(tcp.o)
                                0x33e (size before relaxing)
                0x40208f6c                tcp_slowtmr
 *fill*         0x4020925a        0x2 
 .text.tcp_pcb_remove
                0x4020925c       0x62 C:\Users\witts\AppData\Local\arduino15\packages\esp8266\hardware\esp8266\2.4.2/tools/sdk/lib\liblwip2.a(tcp.o)
                                 0x6e (size before relaxing)
                0x4020925c                tcp_pcb_remove
 *fill*         0x402092be        0x2 
 .text.tcp_abandon
                0x402092c0       0xdc C:\Users\witts\AppData\Local\arduino15\packages\esp8266\hardware\esp8266\2.4.2/tools/sdk/lib\liblwip2.a(tcp.o)
                                0x10c (size before relaxing)
                0x402092c4                tcp_abandon
 .text.tcp_abort
                0x4020939c       0x14 C:\Users\witts\AppData\Local\arduino15\packages\esp8266\hardware\esp8266\2.4.2/tools/sdk/lib\liblwip2.a(tcp.o)
                                 0x18 (size before relaxing)
                0x4020939c                tcp_abort
 .text.tcp_kill_timewait
                0x402093b0       0x3c C:\Users\witts\AppData\Local\arduino15\packages\esp8266\hardware\esp8266\2.4.2/tools/sdk/lib\liblwip2.a(tcp.o)
                                 0x48 (size before relaxing)
                0x402093b0                tcp_kill_timewait
 .text.tcp_netif_ip_addr_changed_pcblist
                0x402093ec       0x2c C:\Users\witts\AppData\Local\arduino15\packages\esp8266\hardware\esp8266\2.4.2/tools/sdk/lib\liblwip2.a(tcp.o)
                                 0x34 (size before relaxing)
 .text.tcp_kill_state
                0x40209418       0x3d C:\Users\witts\AppData\Local\arduino15\packages\esp8266\hardware\esp8266\2.4.2/tools/sdk/lib\liblwip2.a(tcp.o)
                                 0x49 (size before relaxing)
 *fill*         0x40209455        0x3 
 .text.tcp_alloc
                0x40209458      0x101 C:\Users\witts\AppData\Local\arduino15\packages\esp8266\hardware\esp8266\2.4.2/tools/sdk/lib\liblwip2.a(tcp.o)
                                0x155 (size before relaxing)
                0x40209464                tcp_alloc
 *fill*         0x40209559        0x3 
 .text.tcp_close_shutdown
                0x4020955c      0x188 C:\Users\witts\AppData\Local\arduino15\packages\esp8266\hardware\esp8266\2.4.2/tools/sdk/lib\liblwip2.a(tcp.o)
                                0x1c8 (size before relaxing)
 .text.tcp_close
                0x402096e4       0x24 C:\Users\witts\AppData\Local\arduino15\packages\esp8266\hardware\esp8266\2.4.2/tools/sdk/lib\liblwip2.a(tcp.o)
                                 0x28 (size before relaxing)
                0x402096e4                tcp_close
 .text.tcp_recv_null
                0x40209708       0x35 C:\Users\witts\AppData\Local\arduino15\packages\esp8266\hardware\esp8266\2.4.2/tools/sdk/lib\liblwip2.a(tcp.o)
                                 0x45 (size before relaxing)
                0x40209708                tcp_recv_null
 *fill*         0x4020973d        0x3 
 .text.tcp_process_refused_data
                0x40209740       0x85 C:\Users\witts\AppData\Local\arduino15\packages\esp8266\hardware\esp8266\2.4.2/tools/sdk/lib\liblwip2.a(tcp.o)
                                 0x8d (size before relaxing)
                0x40209740                tcp_process_refused_data
 *fill*         0x402097c5        0x3 
 .text.tcp_fasttmr
                0x402097c8       0x9a C:\Users\witts\AppData\Local\arduino15\packages\esp8266\hardware\esp8266\2.4.2/tools/sdk/lib\liblwip2.a(tcp.o)
                                 0xbe (size before relaxing)
                0x402097c8                tcp_fasttmr
 *fill*         0x40209862        0x2 
 .text.tcp_tmr  0x40209864       0x27 C:\Users\witts\AppData\Local\arduino15\packages\esp8266\hardware\esp8266\2.4.2/tools/sdk/lib\liblwip2.a(tcp.o)
                                 0x37 (size before relaxing)
                0x40209868                tcp_tmr
 *fill*         0x4020988b        0x1 
 .text.tcp_next_iss
                0x4020988c       0x14 C:\Users\witts\AppData\Local\arduino15\packages\esp8266\hardware\esp8266\2.4.2/tools/sdk/lib\liblwip2.a(tcp.o)
                                 0x18 (size before relaxing)
                0x40209890                tcp_next_iss
 .text.tcp_eff_send_mss_impl
                0x402098a0       0x33 C:\Users\witts\AppData\Local\arduino15\packages\esp8266\hardware\esp8266\2.4.2/tools/sdk/lib\liblwip2.a(tcp.o)
                                 0x3b (size before relaxing)
                0x402098a0                tcp_eff_send_mss_impl
 *fill*         0x402098d3        0x1 
 .text.tcp_netif_ip_addr_changed
                0x402098d4       0x55 C:\Users\witts\AppData\Local\arduino15\packages\esp8266\hardware\esp8266\2.4.2/tools/sdk/lib\liblwip2.a(tcp.o)
                                 0x6d (size before relaxing)
                0x402098d4                tcp_netif_ip_addr_changed
 *fill*         0x40209929        0x3 
 .text.sys_timeout_LWIP2
                0x4020992c       0xaf C:\Users\witts\AppData\Local\arduino15\packages\esp8266\hardware\esp8266\2.4.2/tools/sdk/lib\liblwip2.a(timeouts.o)
                                 0xb7 (size before relaxing)
                0x40209938                sys_timeout_LWIP2
 *fill*         0x402099db        0x1 
 .text.tcp_timer_needed
                0x402099dc       0x3b C:\Users\witts\AppData\Local\arduino15\packages\esp8266\hardware\esp8266\2.4.2/tools/sdk/lib\liblwip2.a(timeouts.o)
                                 0x47 (size before relaxing)
                0x402099e4                tcp_timer_needed
 *fill*         0x40209a17        0x1 
 .text.tcpip_tcp_timer
                0x40209a18       0x35 C:\Users\witts\AppData\Local\arduino15\packages\esp8266\hardware\esp8266\2.4.2/tools/sdk/lib\liblwip2.a(timeouts.o)
                                 0x51 (size before relaxing)
 *fill*         0x40209a4d        0x3 
 .text.sys_timeouts_init
                0x40209a50       0x46 C:\Users\witts\AppData\Local\arduino15\packages\esp8266\hardware\esp8266\2.4.2/tools/sdk/lib\liblwip2.a(timeouts.o)
                                 0x52 (size before relaxing)
                0x40209a5c                sys_timeouts_init
 *fill*         0x40209a96        0x2 
 .text.cyclic_timer
                0x40209a98       0x21 C:\Users\witts\AppData\Local\arduino15\packages\esp8266\hardware\esp8266\2.4.2/tools/sdk/lib\liblwip2.a(timeouts.o)
                                 0x2d (size before relaxing)
 *fill*         0x40209ab9        0x3 
 .text.sys_untimeout_LWIP2
                0x40209abc       0x4f C:\Users\witts\AppData\Local\arduino15\packages\esp8266\hardware\esp8266\2.4.2/tools/sdk/lib\liblwip2.a(timeouts.o)
                                 0x5b (size before relaxing)
                0x40209abc                sys_untimeout_LWIP2
 *fill*         0x40209b0b        0x1 
 .text.sys_check_timeouts
                0x40209b0c       0x63 C:\Users\witts\AppData\Local\arduino15\packages\esp8266\hardware\esp8266\2.4.2/tools/sdk/lib\liblwip2.a(timeouts.o)
                                 0x77 (size before relaxing)
                0x40209b0c                sys_check_timeouts
 *fill*         0x40209b6f        0x1 
 .text.dns_call_found
                0x40209b70       0xcf C:\Users\witts\AppData\Local\arduino15\packages\esp8266\hardware\esp8266\2.4.2/tools/sdk/lib\liblwip2.a(dns.o)
                                 0xd7 (size before relaxing)
 *fill*         0x40209c3f        0x1 
 .text.dns_send
                0x40209c40      0x141 C:\Users\witts\AppData\Local\arduino15\packages\esp8266\hardware\esp8266\2.4.2/tools/sdk/lib\liblwip2.a(dns.o)
                                0x19d (size before relaxing)
 *fill*         0x40209d81        0x3 
 .text.dns_check_entry
                0x40209d84       0xd9 C:\Users\witts\AppData\Local\arduino15\packages\esp8266\hardware\esp8266\2.4.2/tools/sdk/lib\liblwip2.a(dns.o)
                                 0xfd (size before relaxing)
 *fill*         0x40209e5d        0x3 
 .text.dns_recv
                0x40209e60      0x28d C:\Users\witts\AppData\Local\arduino15\packages\esp8266\hardware\esp8266\2.4.2/tools/sdk/lib\liblwip2.a(dns.o)
                                0x314 (size before relaxing)
 *fill*         0x4020a0ed        0x3 
 .text.dns_setserver
                0x4020a0f0       0x22 C:\Users\witts\AppData\Local\arduino15\packages\esp8266\hardware\esp8266\2.4.2/tools/sdk/lib\liblwip2.a(dns.o)
                                 0x26 (size before relaxing)
                0x4020a0f4                dns_setserver
 *fill*         0x4020a112        0x2 
 .text.dns_tmr  0x4020a114       0x1c C:\Users\witts\AppData\Local\arduino15\packages\esp8266\hardware\esp8266\2.4.2/tools/sdk/lib\liblwip2.a(dns.o)
                                 0x30 (size before relaxing)
                0x4020a114                dns_tmr
 .text.dns_gethostbyname_addrtype
                0x4020a130      0x2f5 C:\Users\witts\AppData\Local\arduino15\packages\esp8266\hardware\esp8266\2.4.2/tools/sdk/lib\liblwip2.a(dns.o)
                                0x34d (size before relaxing)
                0x4020a144                dns_gethostbyname_addrtype
 *fill*         0x4020a425        0x3 
 .text.dns_gethostbyname
                0x4020a428       0x14 C:\Users\witts\AppData\Local\arduino15\packages\esp8266\hardware\esp8266\2.4.2/tools/sdk/lib\liblwip2.a(dns.o)
                                 0x18 (size before relaxing)
                0x4020a428                dns_gethostbyname
 .text.tcp_receive
                0x4020a43c      0x5cb C:\Users\witts\AppData\Local\arduino15\packages\esp8266\hardware\esp8266\2.4.2/tools/sdk/lib\liblwip2.a(tcp_in.o)
                                0x657 (size before relaxing)
 *fill*         0x4020aa07        0x1 
 .text.tcp_getoptbyte
                0x4020aa08       0x4a C:\Users\witts\AppData\Local\arduino15\packages\esp8266\hardware\esp8266\2.4.2/tools/sdk/lib\liblwip2.a(tcp_in.o)
                                 0x4e (size before relaxing)
 *fill*         0x4020aa52        0x2 
 .text.tcp_parseopt$isra$1$part$2
                0x4020aa54       0x8c C:\Users\witts\AppData\Local\arduino15\packages\esp8266\hardware\esp8266\2.4.2/tools/sdk/lib\liblwip2.a(tcp_in.o)
                                 0xb3 (size before relaxing)
 *fill*         0x4020aae0        0x0 
 .text.tcp_input_delayed_close
                0x4020aae0       0x45 C:\Users\witts\AppData\Local\arduino15\packages\esp8266\hardware\esp8266\2.4.2/tools/sdk/lib\liblwip2.a(tcp_in.o)
                                 0x59 (size before relaxing)
 *fill*         0x4020ab25        0x3 
 .text.tcp_input
                0x4020ab28      0xb17 C:\Users\witts\AppData\Local\arduino15\packages\esp8266\hardware\esp8266\2.4.2/tools/sdk/lib\liblwip2.a(tcp_in.o)
                                0xccf (size before relaxing)
                0x4020ab3c                tcp_input
 *fill*         0x4020b63f        0x1 
 .text.tcp_trigger_input_pcb_close
                0x4020b640       0x10 C:\Users\witts\AppData\Local\arduino15\packages\esp8266\hardware\esp8266\2.4.2/tools/sdk/lib\liblwip2.a(tcp_in.o)
                                 0x14 (size before relaxing)
                0x4020b640                tcp_trigger_input_pcb_close
 .text.pbuf_header
                0x4020b650       0x31 C:\Users\witts\AppData\Local\arduino15\packages\esp8266\hardware\esp8266\2.4.2/tools/sdk/lib\liblwip2.a(pbuf.o)
                                 0x35 (size before relaxing)
                0x4020b650                pbuf_header
 *fill*         0x4020b681        0x3 
 .text.pbuf_header_force
                0x4020b684       0x31 C:\Users\witts\AppData\Local\arduino15\packages\esp8266\hardware\esp8266\2.4.2/tools/sdk/lib\liblwip2.a(pbuf.o)
                                 0x35 (size before relaxing)
                0x4020b684                pbuf_header_force
 *fill*         0x4020b6b5        0x3 
 .text.pbuf_free_LWIP2
                0x4020b6b8       0x7c C:\Users\witts\AppData\Local\arduino15\packages\esp8266\hardware\esp8266\2.4.2/tools/sdk/lib\liblwip2.a(pbuf.o)
                                 0x8c (size before relaxing)
                0x4020b6b8                pbuf_free_LWIP2
 .text.pbuf_alloc_LWIP2
                0x4020b734      0x15d C:\Users\witts\AppData\Local\arduino15\packages\esp8266\hardware\esp8266\2.4.2/tools/sdk/lib\liblwip2.a(pbuf.o)
                                0x175 (size before relaxing)
                0x4020b738                pbuf_alloc_LWIP2
 *fill*         0x4020b891        0x3 
 .text.pbuf_realloc
                0x4020b894       0x6d C:\Users\witts\AppData\Local\arduino15\packages\esp8266\hardware\esp8266\2.4.2/tools/sdk/lib\liblwip2.a(pbuf.o)
                                 0x75 (size before relaxing)
                0x4020b894                pbuf_realloc
 *fill*         0x4020b901        0x3 
 .text.pbuf_ref_LWIP2
                0x4020b904       0x29 C:\Users\witts\AppData\Local\arduino15\packages\esp8266\hardware\esp8266\2.4.2/tools/sdk/lib\liblwip2.a(pbuf.o)
                                 0x31 (size before relaxing)
                0x4020b904                pbuf_ref_LWIP2
 *fill*         0x4020b92d        0x3 
 .text.pbuf_chain
                0x4020b930       0x1d C:\Users\witts\AppData\Local\arduino15\packages\esp8266\hardware\esp8266\2.4.2/tools/sdk/lib\liblwip2.a(pbuf.o)
                                 0x29 (size before relaxing)
                0x4020b930                pbuf_chain
 *fill*         0x4020b94d        0x3 
 .text.pbuf_copy
                0x4020b950       0xd8 C:\Users\witts\AppData\Local\arduino15\packages\esp8266\hardware\esp8266\2.4.2/tools/sdk/lib\liblwip2.a(pbuf.o)
                                 0xdc (size before relaxing)
                0x4020b950                pbuf_copy
 .text.pbuf_copy_partial
                0x4020ba28       0x91 C:\Users\witts\AppData\Local\arduino15\packages\esp8266\hardware\esp8266\2.4.2/tools/sdk/lib\liblwip2.a(pbuf.o)
                                 0x95 (size before relaxing)
                0x4020ba28                pbuf_copy_partial
 *fill*         0x4020bab9        0x3 
 .text.pbuf_take
                0x4020babc       0x6e C:\Users\witts\AppData\Local\arduino15\packages\esp8266\hardware\esp8266\2.4.2/tools/sdk/lib\liblwip2.a(pbuf.o)
                                 0x72 (size before relaxing)
                0x4020babc                pbuf_take
 *fill*         0x4020bb2a        0x2 
 .text.pbuf_take_at
                0x4020bb2c       0x74 C:\Users\witts\AppData\Local\arduino15\packages\esp8266\hardware\esp8266\2.4.2/tools/sdk/lib\liblwip2.a(pbuf.o)
                                 0x84 (size before relaxing)
                0x4020bb2c                pbuf_take_at
 .text.pbuf_try_get_at
                0x4020bba0       0x2e C:\Users\witts\AppData\Local\arduino15\packages\esp8266\hardware\esp8266\2.4.2/tools/sdk/lib\liblwip2.a(pbuf.o)
                                 0x32 (size before relaxing)
                0x4020bba0                pbuf_try_get_at
 *fill*         0x4020bbce        0x2 
 .text.pbuf_put_at
                0x4020bbd0       0x2d C:\Users\witts\AppData\Local\arduino15\packages\esp8266\hardware\esp8266\2.4.2/tools/sdk/lib\liblwip2.a(pbuf.o)
                                 0x35 (size before relaxing)
                0x4020bbd0                pbuf_put_at
 *fill*         0x4020bbfd        0x3 
 .text.netif_issue_reports$part$0
                0x4020bc00       0x2d C:\Users\witts\AppData\Local\arduino15\packages\esp8266\hardware\esp8266\2.4.2/tools/sdk/lib\liblwip2.a(netif.o)
                                 0x39 (size before relaxing)
 *fill*         0x4020bc2d        0x3 
 .text.netif_set_ipaddr
                0x4020bc30       0x61 C:\Users\witts\AppData\Local\arduino15\packages\esp8266\hardware\esp8266\2.4.2/tools/sdk/lib\liblwip2.a(netif.o)
                                 0x81 (size before relaxing)
                0x4020bc30                netif_set_ipaddr
 *fill*         0x4020bc91        0x3 
 .text.netif_set_addr_LWIP2
                0x4020bc94       0x51 C:\Users\witts\AppData\Local\arduino15\packages\esp8266\hardware\esp8266\2.4.2/tools/sdk/lib\liblwip2.a(netif.o)
                                 0x59 (size before relaxing)
                0x4020bc94                netif_set_addr_LWIP2
 *fill*         0x4020bce5        0x3 
 .text.netif_add_LWIP2
                0x4020bce8       0x96 C:\Users\witts\AppData\Local\arduino15\packages\esp8266\hardware\esp8266\2.4.2/tools/sdk/lib\liblwip2.a(netif.o)
                                 0xae (size before relaxing)
                0x4020bcf0                netif_add_LWIP2
 *fill*         0x4020bd7e        0x2 
 .text.netif_set_default_LWIP2
                0x4020bd80        0x7 C:\Users\witts\AppData\Local\arduino15\packages\esp8266\hardware\esp8266\2.4.2/tools/sdk/lib\liblwip2.a(netif.o)
                                  0xb (size before relaxing)
                0x4020bd80                netif_set_default_LWIP2
 *fill*         0x4020bd87        0x1 
 .text.netif_set_up_LWIP2
                0x4020bd88       0x3b C:\Users\witts\AppData\Local\arduino15\packages\esp8266\hardware\esp8266\2.4.2/tools/sdk/lib\liblwip2.a(netif.o)
                                 0x3f (size before relaxing)
                0x4020bd88                netif_set_up_LWIP2
 *fill*         0x4020bdc3        0x1 
 .text.netif_set_down_LWIP2
                0x4020bdc4       0x35 C:\Users\witts\AppData\Local\arduino15\packages\esp8266\hardware\esp8266\2.4.2/tools/sdk/lib\liblwip2.a(netif.o)
                                 0x39 (size before relaxing)
                0x4020bdc4                netif_set_down_LWIP2
 *fill*         0x4020bdf9        0x3 
 .text.netif_set_link_up
                0x4020bdfc       0x37 C:\Users\witts\AppData\Local\arduino15\packages\esp8266\hardware\esp8266\2.4.2/tools/sdk/lib\liblwip2.a(netif.o)
                                 0x43 (size before relaxing)
                0x4020bdfc                netif_set_link_up
 *fill*         0x4020be33        0x1 
 .text.lwip_htonl
                0x4020be34       0x23 C:\Users\witts\AppData\Local\arduino15\packages\esp8266\hardware\esp8266\2.4.2/tools/sdk/lib\liblwip2.a(def.o)
                                 0x2b (size before relaxing)
                0x4020be34                lwip_htonl
 *fill*         0x4020be57        0x1 
 .text.udp_input
                0x4020be58      0x185 C:\Users\witts\AppData\Local\arduino15\packages\esp8266\hardware\esp8266\2.4.2/tools/sdk/lib\liblwip2.a(udp.o)
                                0x1c5 (size before relaxing)
                0x4020be5c                udp_input
 *fill*         0x4020bfdd        0x3 
 .text.udp_bind
                0x4020bfe0       0xc9 C:\Users\witts\AppData\Local\arduino15\packages\esp8266\hardware\esp8266\2.4.2/tools/sdk/lib\liblwip2.a(udp.o)
                                 0xd5 (size before relaxing)
                0x4020bfec                udp_bind
 *fill*         0x4020c0a9        0x3 
 .text.udp_sendto_if_src
                0x4020c0ac      0x15d C:\Users\witts\AppData\Local\arduino15\packages\esp8266\hardware\esp8266\2.4.2/tools/sdk/lib\liblwip2.a(udp.o)
                                0x199 (size before relaxing)
                0x4020c0ac                udp_sendto_if_src
 *fill*         0x4020c209        0x3 
 .text.udp_sendto_if
                0x4020c20c       0x49 C:\Users\witts\AppData\Local\arduino15\packages\esp8266\hardware\esp8266\2.4.2/tools/sdk/lib\liblwip2.a(udp.o)
                                 0x51 (size before relaxing)
                0x4020c20c                udp_sendto_if
 *fill*         0x4020c255        0x3 
 .text.udp_sendto
                0x4020c258       0x76 C:\Users\witts\AppData\Local\arduino15\packages\esp8266\hardware\esp8266\2.4.2/tools/sdk/lib\liblwip2.a(udp.o)
                                 0x86 (size before relaxing)
                0x4020c25c                udp_sendto
 *fill*         0x4020c2ce        0x2 
 .text.udp_connect
                0x4020c2d0       0x78 C:\Users\witts\AppData\Local\arduino15\packages\esp8266\hardware\esp8266\2.4.2/tools/sdk/lib\liblwip2.a(udp.o)
                                 0x84 (size before relaxing)
                0x4020c2d0                udp_connect
 .text.udp_remove
                0x4020c348       0x37 C:\Users\witts\AppData\Local\arduino15\packages\esp8266\hardware\esp8266\2.4.2/tools/sdk/lib\liblwip2.a(udp.o)
                                 0x43 (size before relaxing)
                0x4020c348                udp_remove
 *fill*         0x4020c37f        0x1 
 .text.udp_new  0x4020c380       0x2d C:\Users\witts\AppData\Local\arduino15\packages\esp8266\hardware\esp8266\2.4.2/tools/sdk/lib\liblwip2.a(udp.o)
                                 0x39 (size before relaxing)
                0x4020c380                udp_new
 *fill*         0x4020c3ad        0x3 
 .text.udp_new_ip_type
                0x4020c3b0        0xf C:\Users\witts\AppData\Local\arduino15\packages\esp8266\hardware\esp8266\2.4.2/tools/sdk/lib\liblwip2.a(udp.o)
                                 0x17 (size before relaxing)
                0x4020c3b0                udp_new_ip_type
 *fill*         0x4020c3bf        0x1 
 .text.udp_netif_ip_addr_changed
                0x4020c3c0       0x27 C:\Users\witts\AppData\Local\arduino15\packages\esp8266\hardware\esp8266\2.4.2/tools/sdk/lib\liblwip2.a(udp.o)
                                 0x2b (size before relaxing)
                0x4020c3c0                udp_netif_ip_addr_changed
 *fill*         0x4020c3e7        0x1 
 .text.tcp_create_segment
                0x4020c3e8       0xe0 C:\Users\witts\AppData\Local\arduino15\packages\esp8266\hardware\esp8266\2.4.2/tools/sdk/lib\liblwip2.a(tcp_out.o)
                                0x118 (size before relaxing)
 .text.tcp_output_alloc_header$constprop$1
                0x4020c4c8       0xc1 C:\Users\witts\AppData\Local\arduino15\packages\esp8266\hardware\esp8266\2.4.2/tools/sdk/lib\liblwip2.a(tcp_out.o)
                                 0xe9 (size before relaxing)
 *fill*         0x4020c589        0x3 
 .text.tcp_enqueue_flags
                0x4020c58c       0xaf C:\Users\witts\AppData\Local\arduino15\packages\esp8266\hardware\esp8266\2.4.2/tools/sdk/lib\liblwip2.a(tcp_out.o)
                                 0xbb (size before relaxing)
                0x4020c58c                tcp_enqueue_flags
 *fill*         0x4020c63b        0x1 
 .text.tcp_send_fin
                0x4020c63c       0x81 C:\Users\witts\AppData\Local\arduino15\packages\esp8266\hardware\esp8266\2.4.2/tools/sdk/lib\liblwip2.a(tcp_out.o)
                                 0x91 (size before relaxing)
                0x4020c63c                tcp_send_fin
 *fill*         0x4020c6bd        0x3 
 .text.tcp_send_empty_ack
                0x4020c6c0       0xb6 C:\Users\witts\AppData\Local\arduino15\packages\esp8266\hardware\esp8266\2.4.2/tools/sdk/lib\liblwip2.a(tcp_out.o)
                                 0xd6 (size before relaxing)
                0x4020c6c0                tcp_send_empty_ack
 *fill*         0x4020c776        0x2 
 .text.tcp_output
                0x4020c778      0x46b C:\Users\witts\AppData\Local\arduino15\packages\esp8266\hardware\esp8266\2.4.2/tools/sdk/lib\liblwip2.a(tcp_out.o)
                                0x4f3 (size before relaxing)
                0x4020c77c                tcp_output
 *fill*         0x4020cbe3        0x1 
 .text.tcp_rst  0x4020cbe4      0x101 C:\Users\witts\AppData\Local\arduino15\packages\esp8266\hardware\esp8266\2.4.2/tools/sdk/lib\liblwip2.a(tcp_out.o)
                                0x145 (size before relaxing)
                0x4020cbe8                tcp_rst
 *fill*         0x4020cce5        0x3 
 .text.tcp_rexmit_rto
                0x4020cce8       0x3c C:\Users\witts\AppData\Local\arduino15\packages\esp8266\hardware\esp8266\2.4.2/tools/sdk/lib\liblwip2.a(tcp_out.o)
                                 0x43 (size before relaxing)
                0x4020cce8                tcp_rexmit_rto
 *fill*         0x4020cd24        0x0 
 .text.tcp_rexmit
                0x4020cd24       0xad C:\Users\witts\AppData\Local\arduino15\packages\esp8266\hardware\esp8266\2.4.2/tools/sdk/lib\liblwip2.a(tcp_out.o)
                                 0xb9 (size before relaxing)
                0x4020cd24                tcp_rexmit
 *fill*         0x4020cdd1        0x3 
 .text.tcp_rexmit_fast
                0x4020cdd4       0x63 C:\Users\witts\AppData\Local\arduino15\packages\esp8266\hardware\esp8266\2.4.2/tools/sdk/lib\liblwip2.a(tcp_out.o)
                                 0x67 (size before relaxing)
                0x4020cdd4                tcp_rexmit_fast
 *fill*         0x4020ce37        0x1 
 .text.tcp_keepalive
                0x4020ce38       0x8a C:\Users\witts\AppData\Local\arduino15\packages\esp8266\hardware\esp8266\2.4.2/tools/sdk/lib\liblwip2.a(tcp_out.o)
                                 0xb2 (size before relaxing)
                0x4020ce38                tcp_keepalive
 *fill*         0x4020cec2        0x2 
 .text.tcp_zero_window_probe
                0x4020cec4      0x15f C:\Users\witts\AppData\Local\arduino15\packages\esp8266\hardware\esp8266\2.4.2/tools/sdk/lib\liblwip2.a(tcp_out.o)
                                0x193 (size before relaxing)
                0x4020cec4                tcp_zero_window_probe
 *fill*         0x4020d023        0x1 
 .text.dhcp_option_long